Component: ARM Compiler 5.06 update 6 (build 750) Tool: armlink [4d35ed]

==============================================================================

Section Cross References

    startup_stm32f407xx.o(RESET) refers to startup_stm32f407xx.o(STACK) for __initial_sp
    startup_stm32f407xx.o(RESET) refers to startup_stm32f407xx.o(.text) for Reset_Handler
    startup_stm32f407xx.o(RESET) refers to stm32f4xx_it.o(i.NMI_Handler) for NMI_Handler
    startup_stm32f407xx.o(RESET) refers to stm32f4xx_it.o(i.HardFault_Handler) for HardFault_Handler
    startup_stm32f407xx.o(RESET) refers to stm32f4xx_it.o(i.MemManage_Handler) for MemManage_Handler
    startup_stm32f407xx.o(RESET) refers to stm32f4xx_it.o(i.BusFault_Handler) for BusFault_Handler
    startup_stm32f407xx.o(RESET) refers to stm32f4xx_it.o(i.UsageFault_Handler) for UsageFault_Handler
    startup_stm32f407xx.o(RESET) refers to stm32f4xx_it.o(i.SVC_Handler) for SVC_Handler
    startup_stm32f407xx.o(RESET) refers to stm32f4xx_it.o(i.DebugMon_Handler) for DebugMon_Handler
    startup_stm32f407xx.o(RESET) refers to stm32f4xx_it.o(i.PendSV_Handler) for PendSV_Handler
    startup_stm32f407xx.o(RESET) refers to stm32f4xx_it.o(i.SysTick_Handler) for SysTick_Handler
    startup_stm32f407xx.o(RESET) refers to stm32f4xx_it.o(i.EXTI3_IRQHandler) for EXTI3_IRQHandler
    startup_stm32f407xx.o(RESET) refers to stm32f4xx_it.o(i.EXTI4_IRQHandler) for EXTI4_IRQHandler
    startup_stm32f407xx.o(RESET) refers to stm32f4xx_it.o(i.TIM2_IRQHandler) for TIM2_IRQHandler
    startup_stm32f407xx.o(.text) refers to system_stm32f4xx.o(i.SystemInit) for SystemInit
    startup_stm32f407xx.o(.text) refers to entry.o(.ARM.Collect$$$$00000000) for __main
    main.o(i.CalculateNewPosition) refers to f2d.o(.text) for __aeabi_f2d
    main.o(i.CalculateNewPosition) refers to cos.o(i.__hardfp_cos) for __hardfp_cos
    main.o(i.CalculateNewPosition) refers to dmul.o(.text) for __aeabi_dmul
    main.o(i.CalculateNewPosition) refers to d2f.o(.text) for __aeabi_d2f
    main.o(i.CalculateNewPosition) refers to sin.o(i.__hardfp_sin) for __hardfp_sin
    main.o(i.CalculateNewPosition) refers to main.o(.data) for .data
    main.o(i.ControlMotor) refers to f2d.o(.text) for __aeabi_f2d
    main.o(i.ControlMotor) refers to main.o(i.Defuzzication_R) for Defuzzication_R
    main.o(i.ControlMotor) refers to main.o(i.Defuzzication_L) for Defuzzication_L
    main.o(i.ControlMotor) refers to dmul.o(.text) for __aeabi_dmul
    main.o(i.ControlMotor) refers to dadd.o(.text) for __aeabi_dadd
    main.o(i.ControlMotor) refers to d2f.o(.text) for __aeabi_d2f
    main.o(i.ControlMotor) refers to main.o(i.EuclidDistance) for EuclidDistance
    main.o(i.ControlMotor) refers to main.o(i.SetPWM_withDutyCycle_withStop) for SetPWM_withDutyCycle_withStop
    main.o(i.ControlMotor) refers to main.o(.data) for .data
    main.o(i.ControlMotor) refers to main.o(.bss) for .bss
    main.o(i.Defuzzication_L) refers to main.o(i.Defuzzication_R) for Defuzzication_R
    main.o(i.Defuzzication_R) refers to cdrcmple.o(.text) for __aeabi_cdrcmple
    main.o(i.Defuzzication_R) refers to cdcmple.o(.text) for __aeabi_cdcmple
    main.o(i.Defuzzication_R) refers to main.o(i.mftrap) for mftrap
    main.o(i.Defuzzication_R) refers to dmul.o(.text) for __aeabi_dmul
    main.o(i.Defuzzication_R) refers to main.o(i.max) for max
    main.o(i.Defuzzication_R) refers to dadd.o(.text) for __aeabi_dadd
    main.o(i.Defuzzication_R) refers to ddiv.o(.text) for __aeabi_ddiv
    main.o(i.EuclidDistance) refers to f2d.o(.text) for __aeabi_f2d
    main.o(i.EuclidDistance) refers to sqrt.o(i.__hardfp_sqrt) for __hardfp_sqrt
    main.o(i.EuclidDistance) refers to d2f.o(.text) for __aeabi_d2f
    main.o(i.GetDerivativeError) refers to f2d.o(.text) for __aeabi_f2d
    main.o(i.GetDerivativeError) refers to main.o(.data) for .data
    main.o(i.GetError) refers to f2d.o(.text) for __aeabi_f2d
    main.o(i.GetNewDest) refers to main.o(i.EuclidDistance) for EuclidDistance
    main.o(i.GetNewDest) refers to main.o(.data) for .data
    main.o(i.GetNewGocLai) refers to f2d.o(.text) for __aeabi_f2d
    main.o(i.GetNewGocLai) refers to sqrt.o(i.__hardfp_sqrt) for __hardfp_sqrt
    main.o(i.GetNewGocLai) refers to dadd.o(.text) for __aeabi_dsub
    main.o(i.GetNewGocLai) refers to ddiv.o(.text) for __aeabi_ddiv
    main.o(i.GetNewGocLai) refers to d2f.o(.text) for __aeabi_d2f
    main.o(i.GetNewGocLai) refers to cos.o(i.__hardfp_cos) for __hardfp_cos
    main.o(i.GetNewGocLai) refers to dmul.o(.text) for __aeabi_dmul
    main.o(i.GetNewGocLai) refers to sin.o(i.__hardfp_sin) for __hardfp_sin
    main.o(i.GetNewGocLai) refers to atan.o(i.__hardfp_atan) for __hardfp_atan
    main.o(i.HAL_TIM_PeriodElapsedCallback) refers to main.o(i.Encoder2Distance) for Encoder2Distance
    main.o(i.HAL_TIM_PeriodElapsedCallback) refers to main.o(i.CalculateNewPosition) for CalculateNewPosition
    main.o(i.HAL_TIM_PeriodElapsedCallback) refers to main.o(i.SendPos) for SendPos
[...]
    Removing stm32f4xx_hal_tim_ex.o(i.HAL_TIMEx_RemapConfig), (34 bytes).
    Removing stm32f4xx_hal_tim_ex.o(i.TIMEx_DMACommutationCplt), (16 bytes).
    Removing stm32f4xx_hal_tim_ex.o(i.TIM_CCxNChannelCmd), (22 bytes).
    Removing stm32f4xx_hal_uart.o(.rev16_text), (4 bytes).
    Removing stm32f4xx_hal_uart.o(.revsh_text), (4 bytes).
    Removing stm32f4xx_hal_uart.o(.rrx_text), (6 bytes).
    Removing stm32f4xx_hal_uart.o(i.HAL_HalfDuplex_EnableReceiver), (50 bytes).
    Removing stm32f4xx_hal_uart.o(i.HAL_HalfDuplex_EnableTransmitter), (50 bytes).
    Removing stm32f4xx_hal_uart.o(i.HAL_HalfDuplex_Init), (108 bytes).
    Removing stm32f4xx_hal_uart.o(i.HAL_LIN_Init), (128 bytes).
    Removing stm32f4xx_hal_uart.o(i.HAL_LIN_SendBreak), (46 bytes).
    Removing stm32f4xx_hal_uart.o(i.HAL_MultiProcessor_EnterMuteMode), (46 bytes).
    Removing stm32f4xx_hal_uart.o(i.HAL_MultiProcessor_ExitMuteMode), (46 bytes).
    Removing stm32f4xx_hal_uart.o(i.HAL_MultiProcessor_Init), (142 bytes).
    Removing stm32f4xx_hal_uart.o(i.HAL_UART_Abort), (104 bytes).
    Removing stm32f4xx_hal_uart.o(i.HAL_UART_AbortCpltCallback), (2 bytes).
    Removing stm32f4xx_hal_uart.o(i.HAL_UART_AbortReceive), (68 bytes).
    Removing stm32f4xx_hal_uart.o(i.HAL_UART_AbortReceiveCpltCallback), (2 bytes).
    Removing stm32f4xx_hal_uart.o(i.HAL_UART_AbortReceive_IT), (92 bytes).
    Removing stm32f4xx_hal_uart.o(i.HAL_UART_AbortTransmit), (58 bytes).
    Removing stm32f4xx_hal_uart.o(i.HAL_UART_AbortTransmitCpltCallback), (2 bytes).
    Removing stm32f4xx_hal_uart.o(i.HAL_UART_AbortTransmit_IT), (84 bytes).
    Removing stm32f4xx_hal_uart.o(i.HAL_UART_Abort_IT), (172 bytes).
    Removing stm32f4xx_hal_uart.o(i.HAL_UART_DMAPause), (102 bytes).
    Removing stm32f4xx_hal_uart.o(i.HAL_UART_DMAResume), (94 bytes).
    Removing stm32f4xx_hal_uart.o(i.HAL_UART_DMAStop), (88 bytes).
    Removing stm32f4xx_hal_uart.o(i.HAL_UART_DeInit), (40 bytes).
    Removing stm32f4xx_hal_uart.o(i.HAL_UART_ErrorCallback), (2 bytes).
    Removing stm32f4xx_hal_uart.o(i.HAL_UART_GetError), (4 bytes).
    Removing stm32f4xx_hal_uart.o(i.HAL_UART_GetState), (10 bytes).
    Removing stm32f4xx_hal_uart.o(i.HAL_UART_IRQHandler), (272 bytes).
    Removing stm32f4xx_hal_uart.o(i.HAL_UART_MspDeInit), (2 bytes).
    Removing stm32f4xx_hal_uart.o(i.HAL_UART_MspInit), (2 bytes).
    Removing stm32f4xx_hal_uart.o(i.HAL_UART_Receive), (184 bytes).
    Removing stm32f4xx_hal_uart.o(i.HAL_UART_Receive_DMA), (152 bytes).
    Removing stm32f4xx_hal_uart.o(i.HAL_UART_Receive_IT), (72 bytes).
    Removing stm32f4xx_hal_uart.o(i.HAL_UART_RxCpltCallback), (2 bytes).
    Removing stm32f4xx_hal_uart.o(i.HAL_UART_RxHalfCpltCallback), (2 bytes).
    Removing stm32f4xx_hal_uart.o(i.HAL_UART_Transmit_DMA), (128 bytes).
    Removing stm32f4xx_hal_uart.o(i.HAL_UART_Transmit_IT), (62 bytes).
    Removing stm32f4xx_hal_uart.o(i.HAL_UART_TxCpltCallback), (2 bytes).
    Removing stm32f4xx_hal_uart.o(i.HAL_UART_TxHalfCpltCallback), (2 bytes).
    Removing stm32f4xx_hal_uart.o(i.UART_DMAAbortOnError), (16 bytes).
    Removing stm32f4xx_hal_uart.o(i.UART_DMAError), (74 bytes).
    Removing stm32f4xx_hal_uart.o(i.UART_DMAReceiveCplt), (60 bytes).
    Removing stm32f4xx_hal_uart.o(i.UART_DMARxAbortCallback), (42 bytes).
    Removing stm32f4xx_hal_uart.o(i.UART_DMARxHalfCplt), (10 bytes).
    Removing stm32f4xx_hal_uart.o(i.UART_DMARxOnlyAbortCallback), (20 bytes).
    Removing stm32f4xx_hal_uart.o(i.UART_DMATransmitCplt), (46 bytes).
    Removing stm32f4xx_hal_uart.o(i.UART_DMATxAbortCallback), (42 bytes).
    Removing stm32f4xx_hal_uart.o(i.UART_DMATxHalfCplt), (10 bytes).
    Removing stm32f4xx_hal_uart.o(i.UART_DMATxOnlyAbortCallback), (20 bytes).
    Removing stm32f4xx_hal_uart.o(i.UART_EndRxTransfer), (28 bytes).
    Removing stm32f4xx_hal_uart.o(i.UART_EndTxTransfer), (18 bytes).
    Removing stm32f4xx_hal_uart.o(i.UART_Receive_IT), (140 bytes).
    Removing stm32f4xx_hal_uart.o(i.UART_Transmit_IT), (98 bytes).
    Removing stm32f4xx_hal_rcc.o(.rev16_text), (4 bytes).
    Removing stm32f4xx_hal_rcc.o(.revsh_text), (4 bytes).
    Removing stm32f4xx_hal_rcc.o(.rrx_text), (6 bytes).
    Removing stm32f4xx_hal_rcc.o(i.HAL_RCC_CSSCallback), (2 bytes).
    Removing stm32f4xx_hal_rcc.o(i.HAL_RCC_DeInit), (4 bytes).
    Removing stm32f4xx_hal_rcc.o(i.HAL_RCC_DisableCSS), (12 bytes).
    Removing stm32f4xx_hal_rcc.o(i.HAL_RCC_EnableCSS), (12 bytes).
    Removing stm32f4xx_hal_rcc.o(i.HAL_RCC_GetClockConfig), (64 bytes).
    Removing stm32f4xx_hal_rcc.o(i.HAL_RCC_GetHCLKFreq), (12 bytes).
    Removing stm32f4xx_hal_rcc.o(i.HAL_RCC_GetOscConfig), (180 bytes).
    Removing stm32f4xx_hal_rcc.o(i.HAL_RCC_MCOConfig), (140 bytes).
    Removing stm32f4xx_hal_rcc.o(i.HAL_RCC_NMI_IRQHandler), (28 bytes).
    Removing stm32f4xx_hal_rcc_ex.o(.rev16_text), (4 bytes).
    Removing stm32f4xx_hal_rcc_ex.o(.revsh_text), (4 bytes).
    Removing stm32f4xx_hal_rcc_ex.o(.rrx_text), (6 bytes).
    Removing stm32f4xx_hal_rcc_ex.o(i.HAL_RCCEx_DisablePLLI2S), (52 bytes).
    Removing stm32f4xx_hal_rcc_ex.o(i.HAL_RCCEx_EnablePLLI2S), (104 bytes).
    Removing stm32f4xx_hal_rcc_ex.o(i.HAL_RCCEx_GetPeriphCLKConfig), (52 bytes).
    Removing stm32f4xx_hal_rcc_ex.o(i.HAL_RCCEx_GetPeriphCLKFreq), (92 bytes).
    Removing stm32f4xx_hal_rcc_ex.o(i.HAL_RCCEx_PeriphCLKConfig), (316 bytes).
    Removing stm32f4xx_hal_rcc_ex.o(i.HAL_RCC_DeInit), (304 bytes).
    Removing stm32f4xx_hal_flash.o(.rev16_text), (4 bytes).
    Removing stm32f4xx_hal_flash.o(.revsh_text), (4 bytes).
    Removing stm32f4xx_hal_flash.o(.rrx_text), (6 bytes).
    Removing stm32f4xx_hal_flash.o(i.FLASH_Program_Byte), (32 bytes).
    Removing stm32f4xx_hal_flash.o(i.FLASH_Program_DoubleWord), (40 bytes).
    Removing stm32f4xx_hal_flash.o(i.FLASH_Program_HalfWord), (36 bytes).
    Removing stm32f4xx_hal_flash.o(i.FLASH_Program_Word), (36 bytes).
    Removing stm32f4xx_hal_flash.o(i.FLASH_SetErrorCode), (104 bytes).
    Removing stm32f4xx_hal_flash.o(i.FLASH_WaitForLastOperation), (80 bytes).
    Removing stm32f4xx_hal_flash.o(i.HAL_FLASH_EndOfOperationCallback), (2 bytes).
    Removing stm32f4xx_hal_flash.o(i.HAL_FLASH_GetError), (12 bytes).
    Removing stm32f4xx_hal_flash.o(i.HAL_FLASH_IRQHandler), (204 bytes).
    Removing stm32f4xx_hal_flash.o(i.HAL_FLASH_Lock), (20 bytes).
    Removing stm32f4xx_hal_flash.o(i.HAL_FLASH_OB_Launch), (24 bytes).
    Removing stm32f4xx_hal_flash.o(i.HAL_FLASH_OB_Lock), (20 bytes).
    Removing stm32f4xx_hal_flash.o(i.HAL_FLASH_OB_Unlock), (40 bytes).
    Removing stm32f4xx_hal_flash.o(i.HAL_FLASH_OperationErrorCallback), (2 bytes).
    Removing stm32f4xx_hal_flash.o(i.HAL_FLASH_Program), (124 bytes).
    Removing stm32f4xx_hal_flash.o(i.HAL_FLASH_Program_IT), (108 bytes).
    Removing stm32f4xx_hal_flash.o(i.HAL_FLASH_Unlock), (44 bytes).
    Removing stm32f4xx_hal_flash.o(.bss), (32 bytes).
    Removing stm32f4xx_hal_flash_ex.o(.rev16_text), (4 bytes).
    Removing stm32f4xx_hal_flash_ex.o(.revsh_text), (4 bytes).
    Removing stm32f4xx_hal_flash_ex.o(.rrx_text), (6 bytes).
    Removing stm32f4xx_hal_flash_ex.o(i.FLASH_Erase_Sector), (80 bytes).
    Removing stm32f4xx_hal_flash_ex.o(i.FLASH_FlushCaches), (84 bytes).
    Removing stm32f4xx_hal_flash_ex.o(i.FLASH_MassErase), (40 bytes).
    Removing stm32f4xx_hal_flash_ex.o(i.HAL_FLASHEx_Erase), (152 bytes).
    Removing stm32f4xx_hal_flash_ex.o(i.HAL_FLASHEx_Erase_IT), (104 bytes).
    Removing stm32f4xx_hal_flash_ex.o(i.HAL_FLASHEx_OBGetConfig), (64 bytes).
    Removing stm32f4xx_hal_flash_ex.o(i.HAL_FLASHEx_OBProgram), (204 bytes).
    Removing stm32f4xx_hal_flash_ramfunc.o(.rev16_text), (4 bytes).
    Removing stm32f4xx_hal_flash_ramfunc.o(.revsh_text), (4 bytes).
    Removing stm32f4xx_hal_flash_ramfunc.o(.rrx_text), (6 bytes).
    Removing stm32f4xx_hal_gpio.o(.rev16_text), (4 bytes).
    Removing stm32f4xx_hal_gpio.o(.revsh_text), (4 bytes).
    Removing stm32f4xx_hal_gpio.o(.rrx_text), (6 bytes).
    Removing stm32f4xx_hal_gpio.o(i.HAL_GPIO_DeInit), (328 bytes).
    Removing stm32f4xx_hal_gpio.o(i.HAL_GPIO_LockPin), (34 bytes).
    Removing stm32f4xx_hal_gpio.o(i.HAL_GPIO_ReadPin), (10 bytes).
    Removing stm32f4xx_hal_gpio.o(i.HAL_GPIO_TogglePin), (8 bytes).
    Removing stm32f4xx_hal_dma_ex.o(.rev16_text), (4 bytes).
    Removing stm32f4xx_hal_dma_ex.o(.revsh_text), (4 bytes).
    Removing stm32f4xx_hal_dma_ex.o(.rrx_text), (6 bytes).
    Removing stm32f4xx_hal_dma_ex.o(i.DMA_MultiBufferSetConfig), (30 bytes).
    Removing stm32f4xx_hal_dma_ex.o(i.HAL_DMAEx_ChangeMemory), (14 bytes).
    Removing stm32f4xx_hal_dma_ex.o(i.HAL_DMAEx_MultiBufferStart), (100 bytes).
    Removing stm32f4xx_hal_dma_ex.o(i.HAL_DMAEx_MultiBufferStart_IT), (2432 bytes).
    Removing stm32f4xx_hal_dma.o(.rev16_text), (4 bytes).
    Removing stm32f4xx_hal_dma.o(.revsh_text), (4 bytes).
    Removing stm32f4xx_hal_dma.o(.rrx_text), (6 bytes).
    Removing stm32f4xx_hal_dma.o(i.DMA_CalcBaseAndBitshift), (40 bytes).
    Removing stm32f4xx_hal_dma.o(i.DMA_CheckFifoParam), (84 bytes).
    Removing stm32f4xx_hal_dma.o(i.DMA_SetConfig), (40 bytes).
    Removing stm32f4xx_hal_dma.o(i.HAL_DMA_Abort), (142 bytes).
    Removing stm32f4xx_hal_dma.o(i.HAL_DMA_Abort_IT), (36 bytes).
    Removing stm32f4xx_hal_dma.o(i.HAL_DMA_DeInit), (86 bytes).
    Removing stm32f4xx_hal_dma.o(i.HAL_DMA_GetError), (4 bytes).
    Removing stm32f4xx_hal_dma.o(i.HAL_DMA_GetState), (6 bytes).
    Removing stm32f4xx_hal_dma.o(i.HAL_DMA_IRQHandler), (416 bytes).
    Removing stm32f4xx_hal_dma.o(i.HAL_DMA_Init), (212 bytes).
    Removing stm32f4xx_hal_dma.o(i.HAL_DMA_PollForTransfer), (292 bytes).
    Removing stm32f4xx_hal_dma.o(i.HAL_DMA_RegisterCallback), (80 bytes).
    Removing stm32f4xx_hal_dma.o(i.HAL_DMA_Start), (70 bytes).
    Removing stm32f4xx_hal_dma.o(i.HAL_DMA_Start_IT), (120 bytes).
    Removing stm32f4xx_hal_dma.o(i.HAL_DMA_UnRegisterCallback), (96 bytes).
    Removing stm32f4xx_hal_dma.o(.constdata), (8 bytes).
    Removing stm32f4xx_hal_pwr.o(.rev16_text), (4 bytes).
    Removing stm32f4xx_hal_pwr.o(.revsh_text), (4 bytes).
    Removing stm32f4xx_hal_pwr.o(.rrx_text), (6 bytes).
    Removing stm32f4xx_hal_pwr.o(i.HAL_PWR_ConfigPVD), (124 bytes).
    Removing stm32f4xx_hal_pwr.o(i.HAL_PWR_DeInit), (24 bytes).
    Removing stm32f4xx_hal_pwr.o(i.HAL_PWR_DisableBkUpAccess), (12 bytes).
    Removing stm32f4xx_hal_pwr.o(i.HAL_PWR_DisablePVD), (12 bytes).
    Removing stm32f4xx_hal_pwr.o(i.HAL_PWR_DisableSEVOnPend), (16 bytes).
    Removing stm32f4xx_hal_pwr.o(i.HAL_PWR_DisableSleepOnExit), (16 bytes).
    Removing stm32f4xx_hal_pwr.o(i.HAL_PWR_DisableWakeUpPin), (16 bytes).
    Removing stm32f4xx_hal_pwr.o(i.HAL_PWR_EnableBkUpAccess), (12 bytes).
    Removing stm32f4xx_hal_pwr.o(i.HAL_PWR_EnablePVD), (12 bytes).
    Removing stm32f4xx_hal_pwr.o(i.HAL_PWR_EnableSEVOnPend), (16 bytes).
    Removing stm32f4xx_hal_pwr.o(i.HAL_PWR_EnableSleepOnExit), (16 bytes).
    Removing stm32f4xx_hal_pwr.o(i.HAL_PWR_EnableWakeUpPin), (16 bytes).
    Removing stm32f4xx_hal_pwr.o(i.HAL_PWR_EnterSLEEPMode), (32 bytes).
    Removing stm32f4xx_hal_pwr.o(i.HAL_PWR_EnterSTANDBYMode), (32 bytes).
    Removing stm32f4xx_hal_pwr.o(i.HAL_PWR_EnterSTOPMode), (56 bytes).
    Removing stm32f4xx_hal_pwr.o(i.HAL_PWR_PVDCallback), (2 bytes).
    Removing stm32f4xx_hal_pwr.o(i.HAL_PWR_PVD_IRQHandler), (28 bytes).
    Removing stm32f4xx_hal_pwr_ex.o(.rev16_text), (4 bytes).
    Removing stm32f4xx_hal_pwr_ex.o(.revsh_text), (4 bytes).
    Removing stm32f4xx_hal_pwr_ex.o(.rrx_text), (6 bytes).
    Removing stm32f4xx_hal_pwr_ex.o(i.HAL_PWREx_ControlVoltageScaling), (88 bytes).
    Removing stm32f4xx_hal_pwr_ex.o(i.HAL_PWREx_DisableBkUpReg), (60 bytes).
    Removing stm32f4xx_hal_pwr_ex.o(i.HAL_PWREx_DisableFlashPowerDown), (12 bytes).
    Removing stm32f4xx_hal_pwr_ex.o(i.HAL_PWREx_EnableBkUpReg), (60 bytes).
    Removing stm32f4xx_hal_pwr_ex.o(i.HAL_PWREx_EnableFlashPowerDown), (12 bytes).
    Removing stm32f4xx_hal_pwr_ex.o(i.HAL_PWREx_GetVoltageRange), (16 bytes).
    Removing stm32f4xx_hal_cortex.o(.rev16_text), (4 bytes).
    Removing stm32f4xx_hal_cortex.o(.revsh_text), (4 bytes).
    Removing stm32f4xx_hal_cortex.o(.rrx_text), (6 bytes).
    Removing stm32f4xx_hal_cortex.o(i.HAL_MPU_ConfigRegion), (84 bytes).
    Removing stm32f4xx_hal_cortex.o(i.HAL_MPU_Disable), (28 bytes).
    Removing stm32f4xx_hal_cortex.o(i.HAL_MPU_Enable), (36 bytes).
    Removing stm32f4xx_hal_cortex.o(i.HAL_NVIC_ClearPendingIRQ), (22 bytes).
    Removing stm32f4xx_hal_cortex.o(i.HAL_NVIC_DisableIRQ), (22 bytes).
    Removing stm32f4xx_hal_cortex.o(i.HAL_NVIC_GetActive), (32 bytes).
    Removing stm32f4xx_hal_cortex.o(i.HAL_NVIC_GetPendingIRQ), (32 bytes).
    Removing stm32f4xx_hal_cortex.o(i.HAL_NVIC_GetPriority), (82 bytes).
    Removing stm32f4xx_hal_cortex.o(i.HAL_NVIC_GetPriorityGrouping), (16 bytes).
    Removing stm32f4xx_hal_cortex.o(i.HAL_NVIC_SetPendingIRQ), (22 bytes).
    Removing stm32f4xx_hal_cortex.o(i.HAL_NVIC_SystemReset), (36 bytes).
    Removing stm32f4xx_hal_cortex.o(i.HAL_SYSTICK_CLKSourceConfig), (24 bytes).
    Removing stm32f4xx_hal_cortex.o(i.HAL_SYSTICK_Callback), (2 bytes).
    Removing stm32f4xx_hal_cortex.o(i.HAL_SYSTICK_IRQHandler), (8 bytes).
    Removing stm32f4xx_hal.o(.rev16_text), (4 bytes).
    Removing stm32f4xx_hal.o(.revsh_text), (4 bytes).
    Removing stm32f4xx_hal.o(.rrx_text), (6 bytes).
    Removing stm32f4xx_hal.o(i.HAL_DBGMCU_DisableDBGSleepMode), (16 bytes).
    Removing stm32f4xx_hal.o(i.HAL_DBGMCU_DisableDBGStandbyMode), (16 bytes).
    Removing stm32f4xx_hal.o(i.HAL_DBGMCU_DisableDBGStopMode), (16 bytes).
    Removing stm32f4xx_hal.o(i.HAL_DBGMCU_EnableDBGSleepMode), (16 bytes).
    Removing stm32f4xx_hal.o(i.HAL_DBGMCU_EnableDBGStandbyMode), (16 bytes).
    Removing stm32f4xx_hal.o(i.HAL_DBGMCU_EnableDBGStopMode), (16 bytes).
    Removing stm32f4xx_hal.o(i.HAL_DeInit), (52 bytes).
    Removing stm32f4xx_hal.o(i.HAL_Delay), (36 bytes).
    Removing stm32f4xx_hal.o(i.HAL_DisableCompensationCell), (12 bytes).
    Removing stm32f4xx_hal.o(i.HAL_EnableCompensationCell), (12 bytes).
    Removing stm32f4xx_hal.o(i.HAL_GetDEVID), (16 bytes).
    Removing stm32f4xx_hal.o(i.HAL_GetHalVersion), (8 bytes).
    Removing stm32f4xx_hal.o(i.HAL_GetREVID), (12 bytes).
    Removing stm32f4xx_hal.o(i.HAL_GetTickFreq), (12 bytes).
    Removing stm32f4xx_hal.o(i.HAL_GetTickPrio), (12 bytes).
    Removing stm32f4xx_hal.o(i.HAL_GetUID), (28 bytes).
    Removing stm32f4xx_hal.o(i.HAL_MspDeInit), (2 bytes).
    Removing stm32f4xx_hal.o(i.HAL_MspInit), (2 bytes).
    Removing stm32f4xx_hal.o(i.HAL_ResumeTick), (14 bytes).
    Removing stm32f4xx_hal.o(i.HAL_SetTickFreq), (28 bytes).
    Removing stm32f4xx_hal.o(i.HAL_SuspendTick), (14 bytes).
    Removing system_stm32f4xx.o(.rev16_text), (4 bytes).
    Removing system_stm32f4xx.o(.revsh_text), (4 bytes).
    Removing system_stm32f4xx.o(.rrx_text), (6 bytes).
    Removing system_stm32f4xx.o(i.SystemCoreClockUpdate), (124 bytes).
    Removing dneg.o(.text), (6 bytes).

352 unused section(s) (total 22268 bytes) removed from the image.

==============================================================================

Image Symbol Table

    Local Symbols

    Symbol Name                              Value     Ov Type        Size  Object(Section)

    ../Drivers/STM32F4xx_HAL_Driver/Src/stm32f4xx_hal.c 0x00000000   Number         0  stm32f4xx_hal.o ABSOLUTE
    ../Drivers/STM32F4xx_HAL_Driver/Src/stm32f4xx_hal_cortex.c 0x00000000   Number         0  stm32f4xx_hal_cortex.o ABSOLUTE
    ../Drivers/STM32F4xx_HAL_Driver/Src/stm32f4xx_hal_dma.c 0x00000000   Number         0  stm32f4xx_hal_dma.o ABSOLUTE
    ../Drivers/STM32F4xx_HAL_Driver/Src/stm32f4xx_hal_dma_ex.c 0x00000000   Number         0  stm32f4xx_hal_dma_ex.o ABSOLUTE
    ../Drivers/STM32F4xx_HAL_Driver/Src/stm32f4xx_hal_flash.c 0x00000000   Number         0  stm32f4xx_hal_flash.o ABSOLUTE
    ../Drivers/STM32F4xx_HAL_Driver/Src/stm32f4xx_hal_flash_ex.c 0x00000000   Number         0  stm32f4xx_hal_flash_ex.o ABSOLUTE
    ../Drivers/STM32F4xx_HAL_Driver/Src/stm32f4xx_hal_flash_ramfunc.c 0x00000000   Number         0  stm32f4xx_hal_flash_ramfunc.o ABSOLUTE
    ../Drivers/STM32F4xx_HAL_Driver/Src/stm32f4xx_hal_gpio.c 0x00000000   Number         0  stm32f4xx_hal_gpio.o ABSOLUTE
    ../Drivers/STM32F4xx_HAL_Driver/Src/stm32f4xx_hal_pwr.c 0x00000000   Number         0  stm32f4xx_hal_pwr.o ABSOLUTE
    ../Drivers/STM32F4xx_HAL_Driver/Src/stm32f4xx_hal_pwr_ex.c 0x00000000   Number         0  stm32f4xx_hal_pwr_ex.o ABSOLUTE
    ../Drivers/STM32F4xx_HAL_Driver/Src/stm32f4xx_hal_rcc.c 0x00000000   Number         0  stm32f4xx_hal_rcc.o ABSOLUTE
    ../Drivers/STM32F4xx_HAL_Driver/Src/stm32f4xx_hal_rcc_ex.c 0x00000000   Number         0  stm32f4xx_hal_rcc_ex.o ABSOLUTE
    ../Drivers/STM32F4xx_HAL_Driver/Src/stm32f4xx_hal_tim.c 0x00000000   Number         0  stm32f4xx_hal_tim.o ABSOLUTE
    ../Drivers/STM32F4xx_HAL_Driver/Src/stm32f4xx_hal_tim_ex.c 0x00000000   Number         0  stm32f4xx_hal_tim_ex.o ABSOLUTE
    ../Drivers/STM32F4xx_HAL_Driver/Src/stm32f4xx_hal_uart.c 0x00000000   Number         0  stm32f4xx_hal_uart.o ABSOLUTE
    ../Src/main.c                            0x00000000   Number         0  main.o ABSOLUTE
    ../Src/stm32f4xx_hal_msp.c               0x00000000   Number         0  stm32f4xx_hal_msp.o ABSOLUTE
    ../Src/stm32f4xx_it.c                    0x00000000   Number         0  stm32f4xx_it.o ABSOLUTE
    ../Src/system_stm32f4xx.c                0x00000000   Number         0  system_stm32f4xx.o ABSOLUTE
    ../clib/microlib/division.c              0x00000000   Number         0  uldiv.o ABSOLUTE
    ../clib/microlib/errno.c                 0x00000000   Number         0  errno.o ABSOLUTE
    ../clib/microlib/init/entry.s            0x00000000   Number         0  entry2.o ABSOLUTE
    ../clib/microlib/init/entry.s            0x00000000   Number         0  entry11a.o ABSOLUTE
    ../clib/microlib/init/entry.s            0x00000000   Number         0  entry8b.o ABSOLUTE
    ../clib/microlib/init/entry.s            0x00000000   Number         0  entry9a.o ABSOLUTE
    ../clib/microlib/init/entry.s            0x00000000   Number         0  entry.o ABSOLUTE
    ../clib/microlib/init/entry.s            0x00000000   Number         0  entry9b.o ABSOLUTE
    ../clib/microlib/init/entry.s            0x00000000   Number         0  entry10a.o ABSOLUTE
    ../clib/microlib/init/entry.s            0x00000000   Number         0  entry10b.o ABSOLUTE
    ../clib/microlib/init/entry.s            0x00000000   Number         0  entry7b.o ABSOLUTE
    ../clib/microlib/init/entry.s            0x00000000   Number         0  entry7a.o ABSOLUTE
    ../clib/microlib/init/entry.s            0x00000000   Number         0  entry8a.o ABSOLUTE
    ../clib/microlib/init/entry.s            0x00000000   Number         0  entry5.o ABSOLUTE
    ../clib/microlib/init/entry.s            0x00000000   Number         0  entry11b.o ABSOLUTE
    ../clib/microlib/longlong.c              0x00000000   Number         0  llshl.o ABSOLUTE
    ../clib/microlib/longlong.c              0x00000000   Number         0  llsshr.o ABSOLUTE
    ../clib/microlib/longlong.c              0x00000000   Number         0  llushr.o ABSOLUTE
    ../clib/microlib/string/memset.c         0x00000000   Number         0  memseta.o ABSOLUTE
    ../clib/microlib/stubs.s                 0x00000000   Number         0  iusefp.o ABSOLUTE
    ../fplib/microlib/d2f.c                  0x00000000   Number         0  d2f.o ABSOLUTE
    ../fplib/microlib/f2d.c                  0x00000000   Number         0  f2d.o ABSOLUTE
    ../fplib/microlib/fpadd.c                0x00000000   Number         0  dadd.o ABSOLUTE
    ../fplib/microlib/fpdiv.c                0x00000000   Number         0  ddiv.o ABSOLUTE
    ../fplib/microlib/fpepilogue.c           0x00000000   Number         0  fepilogue.o ABSOLUTE
    ../fplib/microlib/fpepilogue.c           0x00000000   Number         0  depilogue.o ABSOLUTE
    ../fplib/microlib/fpfix.c                0x00000000   Number         0  dfixi.o ABSOLUTE
    ../fplib/microlib/fpflt.c                0x00000000   Number         0  dflti.o ABSOLUTE
    ../fplib/microlib/fpflt.c                0x00000000   Number         0  dfltui.o ABSOLUTE
    ../fplib/microlib/fpmul.c                0x00000000   Number         0  dmul.o ABSOLUTE
    ../fplib/microlib/fpneg.c                0x00000000   Number         0  dneg.o ABSOLUTE
    ../fplib/microlib/fpsqrt.c               0x00000000   Number         0  dsqrt.o ABSOLUTE
    ../mathlib/atan.c                        0x00000000   Number         0  atan_x.o ABSOLUTE
    ../mathlib/atan.c                        0x00000000   Number         0  atan.o ABSOLUTE
    ../mathlib/cos.c                         0x00000000   Number         0  cos.o ABSOLUTE
    ../mathlib/cos.c                         0x00000000   Number         0  cos_x.o ABSOLUTE
    ../mathlib/cos_i.c                       0x00000000   Number         0  cos_i.o ABSOLUTE
    ../mathlib/dunder.c                      0x00000000   Number         0  dunder.o ABSOLUTE
    ../mathlib/fabs.c                        0x00000000   Number         0  fabs.o ABSOLUTE
    ../mathlib/fpclassify.c                  0x00000000   Number         0  fpclassify.o ABSOLUTE
    ../mathlib/poly.c                        0x00000000   Number         0  poly.o ABSOLUTE
    ../mathlib/rred.c                        0x00000000   Number         0  rred.o ABSOLUTE
    ../mathlib/sin.c                         0x00000000   Number         0  sin.o ABSOLUTE
    ../mathlib/sin.c                         0x00000000   Number         0  sin_x.o ABSOLUTE
    ../mathlib/sin_i.c                       0x00000000   Number         0  sin_i_x.o ABSOLUTE
    ../mathlib/sin_i.c                       0x00000000   Number         0  sin_i.o ABSOLUTE
    ../mathlib/sqrt.c                        0x00000000   Number         0  sqrt.o ABSOLUTE
    ../mathlib/sqrt.c                        0x00000000   Number         0  sqrt_x.o ABSOLUTE
    ..\Drivers\STM32F4xx_HAL_Driver\Src\stm32f4xx_hal.c 0x00000000   Number         0  stm32f4xx_hal.o ABSOLUTE
    ..\Drivers\STM32F4xx_HAL_Driver\Src\stm32f4xx_hal_cortex.c 0x00000000   Number         0  stm32f4xx_hal_cortex.o ABSOLUTE
    ..\Drivers\STM32F4xx_HAL_Driver\Src\stm32f4xx_hal_dma.c 0x00000000   Number         0  stm32f4xx_hal_dma.o ABSOLUTE
    ..\Drivers\STM32F4xx_HAL_Driver\Src\stm32f4xx_hal_dma_ex.c 0x00000000   Number         0  stm32f4xx_hal_dma_ex.o ABSOLUTE
    ..\Drivers\STM32F4xx_HAL_Driver\Src\stm32f4xx_hal_flash.c 0x00000000   Number         0  stm32f4xx_hal_flash.o ABSOLUTE
    ..\Drivers\STM32F4xx_HAL_Driver\Src\stm32f4xx_hal_flash_ex.c 0x00000000   Number         0  stm32f4xx_hal_flash_ex.o ABSOLUTE
    ..\Drivers\STM32F4xx_HAL_Driver\Src\stm32f4xx_hal_flash_ramfunc.c 0x00000000   Number         0  stm32f4xx_hal_flash_ramfunc.o ABSOLUTE
    ..\Drivers\STM32F4xx_HAL_Driver\Src\stm32f4xx_hal_gpio.c 0x00000000   Number         0  stm32f4xx_hal_gpio.o ABSOLUTE
    ..\Drivers\STM32F4xx_HAL_Driver\Src\stm32f4xx_hal_pwr.c 0x00000000   Number         0  stm32f4xx_hal_pwr.o ABSOLUTE
    ..\Drivers\STM32F4xx_HAL_Driver\Src\stm32f4xx_hal_pwr_ex.c 0x00000000   Number         0  stm32f4xx_hal_pwr_ex.o ABSOLUTE
    ..\Drivers\STM32F4xx_HAL_Driver\Src\stm32f4xx_hal_rcc.c 0x00000000   Number         0  stm32f4xx_hal_rcc.o ABSOLUTE
    ..\Drivers\STM32F4xx_HAL_Driver\Src\stm32f4xx_hal_rcc_ex.c 0x00000000   Number         0  stm32f4xx_hal_rcc_ex.o ABSOLUTE
    ..\Drivers\STM32F4xx_HAL_Driver\Src\stm32f4xx_hal_tim.c 0x00000000   Number         0  stm32f4xx_hal_tim.o ABSOLUTE
    ..\Drivers\STM32F4xx_HAL_Driver\Src\stm32f4xx_hal_tim_ex.c 0x00000000   Number         0  stm32f4xx_hal_tim_ex.o ABSOLUTE
    ..\Drivers\STM32F4xx_HAL_Driver\Src\stm32f4xx_hal_uart.c 0x00000000   Number         0  stm32f4xx_hal_uart.o ABSOLUTE
    ..\Src\main.c                            0x00000000   Number         0  main.o ABSOLUTE
    ..\Src\stm32f4xx_hal_msp.c               0x00000000   Number         0  stm32f4xx_hal_msp.o ABSOLUTE
    ..\Src\stm32f4xx_it.c                    0x00000000   Number         0  stm32f4xx_it.o ABSOLUTE
    ..\Src\system_stm32f4xx.c                0x00000000   Number         0  system_stm32f4xx.o ABSOLUTE
    cdcmple.s                                0x00000000   Number         0  cdcmple.o ABSOLUTE
    cdrcmple.s                               0x00000000   Number         0  cdrcmple.o ABSOLUTE
    dc.s                                     0x00000000   Number         0  dc.o ABSOLUTE
    handlers.s                               0x00000000   Number         0  handlers.o ABSOLUTE
    init.s                                   0x00000000   Number         0  init.o ABSOLUTE
    startup_stm32f407xx.s                    0x00000000   Number         0  startup_stm32f407xx.o ABSOLUTE
    RESET                                    0x08000000   Section      392  startup_stm32f407xx.o(RESET)
    .ARM.Collect$$$$00000000                 0x08000188   Section        0  entry.o(.ARM.Collect$$$$00000000)
    .ARM.Collect$$$$00000001                 0x08000188   Section        4  entry2.o(.ARM.Collect$$$$00000001)
    .ARM.Collect$$$$00000004                 0x0800018c   Section        4  entry5.o(.ARM.Collect$$$$00000004)
    .ARM.Collect$$$$00000008                 0x08000190   Section        0  entry7b.o(.ARM.Collect$$$$00000008)
    .ARM.Collect$$$$0000000A                 0x08000190   Section        0  entry8b.o(.ARM.Collect$$$$0000000A)
    .ARM.Collect$$$$0000000B                 0x08000190   Section        8  entry9a.o(.ARM.Collect$$$$0000000B)
    .ARM.Collect$$$$0000000D                 0x08000198   Section        0  entry10a.o(.ARM.Collect$$$$0000000D)
    .ARM.Collect$$$$0000000F                 0x08000198   Section        0  entry11a.o(.ARM.Collect$$$$0000000F)
    .ARM.Collect$$$$00002712                 0x08000198   Section        4  entry2.o(.ARM.Collect$$$$00002712)
    __lit__00000000                          0x08000198   Data           4  entry2.o(.ARM.Collect$$$$00002712)
    .text                                    0x0800019c   Section       36  startup_stm32f407xx.o(.text)
    $v0                                      0x0800019c   Number         0  startup_stm32f407xx.o(.text)
    .text                                    0x080001c0   Section        0  uldiv.o(.text)
    .text                                    0x08000222   Section        0  memseta.o(.text)
    .text                                    0x08000246   Section        0  dadd.o(.text)
    .text                                    0x08000394   Section        0  dmul.o(.text)
    .text                                    0x08000478   Section        0  ddiv.o(.text)
    .text                                    0x08000556   Section        0  f2d.o(.text)
    .text                                    0x0800057c   Section       48  cdcmple.o(.text)
    .text                                    0x080005ac   Section       48  cdrcmple.o(.text)
    .text                                    0x080005dc   Section        0  d2f.o(.text)
    .text                                    0x08000614   Section        0  llshl.o(.text)
    .text                                    0x08000632   Section        0  llushr.o(.text)
    .text                                    0x08000652   Section        0  llsshr.o(.text)
    .text                                    0x08000676   Section        0  iusefp.o(.text)
    .text                                    0x08000676   Section        0  fepilogue.o(.text)
    .text                                    0x080006e4   Section        0  depilogue.o(.text)
    .text                                    0x0800079e   Section        0  dsqrt.o(.text)
    .text                                    0x08000840   Section       36  init.o(.text)
    .text                                    0x08000864   Section        0  dflti.o(.text)
    .text                                    0x08000886   Section        0  dfltui.o(.text)
    .text                                    0x080008a0   Section        0  dfixi.o(.text)
    i.BusFault_Handler                       0x080008de   Section        0  stm32f4xx_it.o(i.BusFault_Handler)
    i.CalculateNewPosition                   0x080008e0   Section        0  main.o(i.CalculateNewPosition)
    i.ControlMotor                           0x080009b4   Section        0  main.o(i.ControlMotor)
    i.DebugMon_Handler                       0x08000b88   Section        0  stm32f4xx_it.o(i.DebugMon_Handler)
    i.Defuzzication_L                        0x08000b8a   Section        0  main.o(i.Defuzzication_L)
    i.Defuzzication_R                        0x08000ba0   Section        0  main.o(i.Defuzzication_R)
    i.EXTI3_IRQHandler                       0x08000f70   Section        0  stm32f4xx_it.o(i.EXTI3_IRQHandler)
    i.EXTI4_IRQHandler                       0x08000f90   Section        0  stm32f4xx_it.o(i.EXTI4_IRQHandler)
    i.Encoder2Distance                       0x08000fb0   Section        0  main.o(i.Encoder2Distance)
    i.EuclidDistance                         0x08000fe4   Section        0  main.o(i.EuclidDistance)
    i.GetDerivativeError                     0x08001014   Section        0  main.o(i.GetDerivativeError)
    i.GetError                               0x08001038   Section        0  main.o(i.GetError)
    i.GetNewDest                             0x0800104c   Section        0  main.o(i.GetNewDest)
    i.GetNewGocLai                           0x080010bc   Section        0  main.o(i.GetNewGocLai)
    i.HAL_GPIO_EXTI_Callback                 0x08001314   Section        0  stm32f4xx_hal_gpio.o(i.HAL_GPIO_EXTI_Callback)
    i.HAL_GPIO_EXTI_IRQHandler               0x08001318   Section        0  stm32f4xx_hal_gpio.o(i.HAL_GPIO_EXTI_IRQHandler)
    i.HAL_GPIO_Init                          0x08001330   Section        0  stm32f4xx_hal_gpio.o(i.HAL_GPIO_Init)
    i.HAL_GPIO_WritePin                      0x080014e0   Section        0  stm32f4xx_hal_gpio.o(i.HAL_GPIO_WritePin)
    i.HAL_GetTick                            0x080014ec   Section        0  stm32f4xx_hal.o(i.HAL_GetTick)
    i.HAL_IncTick                            0x080014f8   Section        0  stm32f4xx_hal.o(i.HAL_IncTick)
    i.HAL_Init                               0x08001508   Section        0  stm32f4xx_hal.o(i.HAL_Init)
    i.HAL_InitTick                           0x0800153c   Section        0  stm32f4xx_hal.o(i.HAL_InitTick)
    i.HAL_MspInit                            0x0800157c   Section        0  stm32f4xx_hal_msp.o(i.HAL_MspInit)
    i.HAL_NVIC_EnableIRQ                     0x080015ac   Section        0  stm32f4xx_hal_cortex.o(i.HAL_NVIC_EnableIRQ)
    i.HAL_NVIC_SetPriority                   0x080015c4   Section        0  stm32f4xx_hal_cortex.o(i.HAL_NVIC_SetPriority)
    i.HAL_NVIC_SetPriorityGrouping           0x08001604   Section        0  stm32f4xx_hal_cortex.o(i.HAL_NVIC_SetPriorityGrouping)
    i.HAL_RCC_ClockConfig                    0x08001628   Section        0  stm32f4xx_hal_rcc.o(i.HAL_RCC_ClockConfig)
    i.HAL_RCC_GetPCLK1Freq                   0x08001758   Section        0  stm32f4xx_hal_rcc.o(i.HAL_RCC_GetPCLK1Freq)
    i.HAL_RCC_GetPCLK2Freq                   0x08001778   Section        0  stm32f4xx_hal_rcc.o(i.HAL_RCC_GetPCLK2Freq)
    i.HAL_RCC_GetSysClockFreq                0x08001798   Section        0  stm32f4xx_hal_rcc.o(i.HAL_RCC_GetSysClockFreq)
    i.HAL_RCC_OscConfig                      0x080017fc   Section        0  stm32f4xx_hal_rcc.o(i.HAL_RCC_OscConfig)
    i.HAL_SYSTICK_Config                     0x08001b18   Section        0  stm32f4xx_hal_cortex.o(i.HAL_SYSTICK_Config)
    i.HAL_TIMEx_BreakCallback                0x08001b40   Section        0  stm32f4xx_hal_tim_ex.o(i.HAL_TIMEx_BreakCallback)
    i.HAL_TIMEx_CommutationCallback          0x08001b42   Section        0  stm32f4xx_hal_tim_ex.o(i.HAL_TIMEx_CommutationCallback)
    i.HAL_TIMEx_MasterConfigSynchronization  0x08001b44   Section        0  stm32f4xx_hal_tim_ex.o(i.HAL_TIMEx_MasterConfigSynchronization)
    i.HAL_TIM_Base_Init                      0x08001b94   Section        0  stm32f4xx_hal_tim.o(i.HAL_TIM_Base_Init)
    i.HAL_TIM_Base_MspInit                   0x08001bcc   Section        0  stm32f4xx_hal_msp.o(i.HAL_TIM_Base_MspInit)
    i.HAL_TIM_Base_Start_IT                  0x08001c1c   Section        0  stm32f4xx_hal_tim.o(i.HAL_TIM_Base_Start_IT)
    i.HAL_TIM_ConfigClockSource              0x08001c34   Section        0  stm32f4xx_hal_tim.o(i.HAL_TIM_ConfigClockSource)
    i.HAL_TIM_IC_CaptureCallback             0x08001d26   Section        0  stm32f4xx_hal_tim.o(i.HAL_TIM_IC_CaptureCallback)
    i.HAL_TIM_IRQHandler                     0x08001d28   Section        0  stm32f4xx_hal_tim.o(i.HAL_TIM_IRQHandler)
    i.HAL_TIM_MspPostInit                    0x08001e90   Section        0  stm32f4xx_hal_msp.o(i.HAL_TIM_MspPostInit)
    i.HAL_TIM_OC_DelayElapsedCallback        0x08001ee4   Section        0  stm32f4xx_hal_tim.o(i.HAL_TIM_OC_DelayElapsedCallback)
    i.HAL_TIM_PWM_ConfigChannel              0x08001ee6   Section        0  stm32f4xx_hal_tim.o(i.HAL_TIM_PWM_ConfigChannel)
    i.HAL_TIM_PWM_Init                       0x08001fb6   Section        0  stm32f4xx_hal_tim.o(i.HAL_TIM_PWM_Init)
    i.HAL_TIM_PWM_MspInit                    0x08001fec   Section        0  stm32f4xx_hal_tim.o(i.HAL_TIM_PWM_MspInit)
    i.HAL_TIM_PWM_PulseFinishedCallback      0x08001fee   Section        0  stm32f4xx_hal_tim.o(i.HAL_TIM_PWM_PulseFinishedCallback)
    i.HAL_TIM_PWM_Start                      0x08001ff0   Section        0  stm32f4xx_hal_tim.o(i.HAL_TIM_PWM_Start)
    i.HAL_TIM_PeriodElapsedCallback          0x08002028   Section        0  main.o(i.HAL_TIM_PeriodElapsedCallback)
    i.HAL_TIM_TriggerCallback                0x080020e8   Section        0  stm32f4xx_hal_tim.o(i.HAL_TIM_TriggerCallback)
    i.HAL_UART_Init                          0x080020ea   Section        0  stm32f4xx_hal_uart.o(i.HAL_UART_Init)
    i.HAL_UART_MspInit                       0x0800214c   Section        0  stm32f4xx_hal_msp.o(i.HAL_UART_MspInit)
    i.HAL_UART_Transmit                      0x080021b4   Section        0  stm32f4xx_hal_uart.o(i.HAL_UART_Transmit)
    i.HardFault_Handler                      0x0800226e   Section        0  stm32f4xx_it.o(i.HardFault_Handler)
    i.MX_GPIO_Init                           0x08002270   Section        0  main.o(i.MX_GPIO_Init)
    MX_GPIO_Init                             0x08002271   Thumb Code   168  main.o(i.MX_GPIO_Init)
    i.MX_TIM2_Init                           0x08002328   Section        0  main.o(i.MX_TIM2_Init)
    MX_TIM2_Init                             0x08002329   Thumb Code    76  main.o(i.MX_TIM2_Init)
    i.MX_TIM4_Init                           0x08002378   Section        0  main.o(i.MX_TIM4_Init)
    MX_TIM4_Init                             0x08002379   Thumb Code   122  main.o(i.MX_TIM4_Init)
    i.MemManage_Handler                      0x080023fc   Section        0  stm32f4xx_it.o(i.MemManage_Handler)
    i.NMI_Handler                            0x080023fe   Section        0  stm32f4xx_it.o(i.NMI_Handler)
    i.NVIC_SetPriority                       0x08002400   Section        0  stm32f4xx_hal_cortex.o(i.NVIC_SetPriority)
    NVIC_SetPriority                         0x08002401   Thumb Code    32  stm32f4xx_hal_cortex.o(i.NVIC_SetPriority)
    i.PendSV_Handler                         0x08002420   Section        0  stm32f4xx_it.o(i.PendSV_Handler)
    i.SVC_Handler                            0x08002422   Section        0  stm32f4xx_it.o(i.SVC_Handler)
    i.SendPos                                0x08002424   Section        0  main.o(i.SendPos)
    i.SetPWM_withDutyCycle_withStop          0x08002480   Section        0  main.o(i.SetPWM_withDutyCycle_withStop)
    i.SysTick_Handler                        0x080024b4   Section        0  stm32f4xx_it.o(i.SysTick_Handler)
    i.SystemClock_Config                     0x080024b8   Section        0  main.o(i.SystemClock_Config)
    i.SystemInit                             0x08002538   Section        0  system_stm32f4xx.o(i.SystemInit)
    i.TIM2_IRQHandler                        0x0800258c   Section        0  stm32f4xx_it.o(i.TIM2_IRQHandler)
    i.TIM_Base_SetConfig                     0x08002598   Section        0  stm32f4xx_hal_tim.o(i.TIM_Base_SetConfig)
    i.TIM_CCxChannelCmd                      0x08002658   Section        0  stm32f4xx_hal_tim.o(i.TIM_CCxChannelCmd)
    i.TIM_ETR_SetConfig                      0x0800266e   Section        0  stm32f4xx_hal_tim.o(i.TIM_ETR_SetConfig)
    TIM_ETR_SetConfig                        0x0800266f   Thumb Code    20  stm32f4xx_hal_tim.o(i.TIM_ETR_SetConfig)
    i.TIM_ITRx_SetConfig                     0x08002682   Section        0  stm32f4xx_hal_tim.o(i.TIM_ITRx_SetConfig)
    TIM_ITRx_SetConfig                       0x08002683   Thumb Code    16  stm32f4xx_hal_tim.o(i.TIM_ITRx_SetConfig)
    i.TIM_OC1_SetConfig                      0x08002694   Section        0  stm32f4xx_hal_tim.o(i.TIM_OC1_SetConfig)
    TIM_OC1_SetConfig                        0x08002695   Thumb Code    80  stm32f4xx_hal_tim.o(i.TIM_OC1_SetConfig)
    i.TIM_OC2_SetConfig                      0x080026ec   Section        0  stm32f4xx_hal_tim.o(i.TIM_OC2_SetConfig)
    i.TIM_OC3_SetConfig                      0x08002750   Section        0  stm32f4xx_hal_tim.o(i.TIM_OC3_SetConfig)
    TIM_OC3_SetConfig                        0x08002751   Thumb Code    88  stm32f4xx_hal_tim.o(i.TIM_OC3_SetConfig)
    i.TIM_OC4_SetConfig                      0x080027b0   Section        0  stm32f4xx_hal_tim.o(i.TIM_OC4_SetConfig)
    TIM_OC4_SetConfig                        0x080027b1   Thumb Code    70  stm32f4xx_hal_tim.o(i.TIM_OC4_SetConfig)
    i.TIM_TI1_ConfigInputStage               0x08002800   Section        0  stm32f4xx_hal_tim.o(i.TIM_TI1_ConfigInputStage)
    TIM_TI1_ConfigInputStage                 0x08002801   Thumb Code    34  stm32f4xx_hal_tim.o(i.TIM_TI1_ConfigInputStage)
    i.TIM_TI2_ConfigInputStage               0x08002822   Section        0  stm32f4xx_hal_tim.o(i.TIM_TI2_ConfigInputStage)
    TIM_TI2_ConfigInputStage                 0x08002823   Thumb Code    36  stm32f4xx_hal_tim.o(i.TIM_TI2_ConfigInputStage)
    i.UART_SetConfig                         0x08002848   Section        0  stm32f4xx_hal_uart.o(i.UART_SetConfig)
    UART_SetConfig                           0x08002849   Thumb Code   676  stm32f4xx_hal_uart.o(i.UART_SetConfig)
    i.UART_WaitOnFlagUntilTimeout            0x08002af4   Section        0  stm32f4xx_hal_uart.o(i.UART_WaitOnFlagUntilTimeout)
    UART_WaitOnFlagUntilTimeout              0x08002af5   Thumb Code   100  stm32f4xx_hal_uart.o(i.UART_WaitOnFlagUntilTimeout)
    i.UpdateParams                           0x08002b58   Section        0  main.o(i.UpdateParams)
    i.UsageFault_Handler                     0x08002b68   Section        0  stm32f4xx_it.o(i.UsageFault_Handler)
    i.__ARM_fpclassify                       0x08002b6a   Section        0  fpclassify.o(i.__ARM_fpclassify)
    i.__hardfp_atan                          0x08002ba0   Section        0  atan.o(i.__hardfp_atan)
    i.__hardfp_cos                           0x08002e78   Section        0  cos.o(i.__hardfp_cos)
    i.__hardfp_sin                           0x08002f40   Section        0  sin.o(i.__hardfp_sin)
    i.__hardfp_sqrt                          0x08003008   Section        0  sqrt.o(i.__hardfp_sqrt)
    i.__ieee754_rem_pio2                     0x08003088   Section        0  rred.o(i.__ieee754_rem_pio2)
    i.__kernel_cos                           0x080034c0   Section        0  cos_i.o(i.__kernel_cos)
    i.__kernel_poly                          0x08003630   Section        0  poly.o(i.__kernel_poly)
    i.__kernel_sin                           0x08003728   Section        0  sin_i.o(i.__kernel_sin)
    i.__mathlib_dbl_infnan                   0x08003858   Section        0  dunder.o(i.__mathlib_dbl_infnan)
    i.__mathlib_dbl_invalid                  0x08003870   Section        0  dunder.o(i.__mathlib_dbl_invalid)
    i.__mathlib_dbl_underflow                0x08003890   Section        0  dunder.o(i.__mathlib_dbl_underflow)
    i.__scatterload_copy                     0x080038b0   Section       14  handlers.o(i.__scatterload_copy)
    i.__scatterload_null                     0x080038be   Section        2  handlers.o(i.__scatterload_null)
    i.__scatterload_zeroinit                 0x080038c0   Section       14  handlers.o(i.__scatterload_zeroinit)
    i.__set_errno                            0x080038d0   Section        0  errno.o(i.__set_errno)
    i.fabs                                   0x080038dc   Section        0  fabs.o(i.fabs)
    i.main                                   0x080038f4   Section        0  main.o(i.main)
    i.max                                    0x08003980   Section        0  main.o(i.max)
    i.mftrap                                 0x080039bc   Section        0  main.o(i.mftrap)
    .constdata                               0x08003aa4   Section       16  system_stm32f4xx.o(.constdata)
    .constdata                               0x08003ab4   Section        8  system_stm32f4xx.o(.constdata)
    .constdata                               0x08003ac0   Section      152  atan.o(.constdata)
    atanhi                                   0x08003ac0   Data          32  atan.o(.constdata)
    atanlo                                   0x08003ae0   Data          32  atan.o(.constdata)
    aTodd                                    0x08003b00   Data          40  atan.o(.constdata)
    aTeven                                   0x08003b28   Data          48  atan.o(.constdata)
    .constdata                               0x08003b58   Section       48  cos_i.o(.constdata)
    C                                        0x08003b58   Data          48  cos_i.o(.constdata)
    .constdata                               0x08003b88   Section      200  rred.o(.constdata)
    pio2s                                    0x08003b88   Data          48  rred.o(.constdata)
    twooverpi                                0x08003bb8   Data         152  rred.o(.constdata)
    .constdata                               0x08003c50   Section       40  sin_i.o(.constdata)
    S                                        0x08003c50   Data          40  sin_i.o(.constdata)
    .data                                    0x20000000   Section      116  main.o(.data)
    .data                                    0x20000074   Section        4  main.o(.data)
    .data                                    0x20000078   Section        4  main.o(.data)
    .data                                    0x2000007c   Section       12  stm32f4xx_hal.o(.data)
    .data                                    0x20000088   Section        4  system_stm32f4xx.o(.data)
    .data                                    0x2000008c   Section        4  errno.o(.data)
    _errno                                   0x2000008c   Data           4  errno.o(.data)
    .bss                                     0x20000090   Section      194  main.o(.bss)
    STACK                                    0x20000158   Section     1024  startup_stm32f407xx.o(STACK)

    Global Symbols

    Symbol Name                              Value     Ov Type        Size  Object(Section)

    BuildAttributes$$THM_ISAv4$E$P$D$K$B$S$7EM$VFPi3$EXTD16$VFPS$VFMA$PE$A:L22UL41UL21$X:L11$S22US41US21$IEEE1$IW$USESV6$~STKCKD$USESV7$~SHL$OTIME$ROPI$IEEEX$EBA8$MICROLIB$REQ8$PRES8$EABIv2 0x00000000   Number         0  anon$$obj.o ABSOLUTE
    __ARM_use_no_argv                        0x00000000   Number         0  main.o ABSOLUTE
    __cpp_initialize__aeabi_                  - Undefined Weak Reference
    __cxa_finalize                            - Undefined Weak Reference
    __decompress                              - Undefined Weak Reference
    _clock_init                               - Undefined Weak Reference
    _microlib_exit                            - Undefined Weak Reference
    __Vectors_Size                           0x00000188   Number         0  startup_stm32f407xx.o ABSOLUTE
    __Vectors                                0x08000000   Data           4  startup_stm32f407xx.o(RESET)
    __Vectors_End                            0x08000188   Data           0  startup_stm32f407xx.o(RESET)
    __main                                   0x08000189   Thumb Code     0  entry.o(.ARM.Collect$$$$00000000)
    _main_stk                                0x08000189   Thumb Code     0  entry2.o(.ARM.Collect$$$$00000001)
    _main_scatterload                        0x0800018d   Thumb Code     0  entry5.o(.ARM.Collect$$$$00000004)
    __main_after_scatterload                 0x08000191   Thumb Code     0  entry5.o(.ARM.Collect$$$$00000004)
    _main_clock                              0x08000191   Thumb Code     0  entry7b.o(.ARM.Collect$$$$00000008)
    _main_cpp_init                           0x08000191   Thumb Code     0  entry8b.o(.ARM.Collect$$$$0000000A)
    _main_init                               0x08000191   Thumb Code     0  entry9a.o(.ARM.Collect$$$$0000000B)
    __rt_final_cpp                           0x08000199   Thumb Code     0  entry10a.o(.ARM.Collect$$$$0000000D)
    __rt_final_exit                          0x08000199   Thumb Code     0  entry11a.o(.ARM.Collect$$$$0000000F)
    Reset_Handler                            0x0800019d   Thumb Code     8  startup_stm32f407xx.o(.text)
    ADC_IRQHandler                           0x080001b7   Thumb Code     0  startup_stm32f407xx.o(.text)
    CAN1_RX0_IRQHandler                      0x080001b7   Thumb Code     0  startup_stm32f407xx.o(.text)
    CAN1_RX1_IRQHandler                      0x080001b7   Thumb Code     0  startup_stm32f407xx.o(.text)
    CAN1_SCE_IRQHandler                      0x080001b7   Thumb Code     0  startup_stm32f407xx.o(.text)
    CAN1_TX_IRQHandler                       0x080001b7   Thumb Code     0  startup_stm32f407xx.o(.text)
    CAN2_RX0_IRQHandler                      0x080001b7   Thumb Code     0  startup_stm32f407xx.o(.text)
    CAN2_RX1_IRQHandler                      0x080001b7   Thumb Code     0  startup_stm32f407xx.o(.text)
    CAN2_SCE_IRQHandler                      0x080001b7   Thumb Code     0  startup_stm32f407xx.o(.text)
    CAN2_TX_IRQHandler                       0x080001b7   Thumb Code     0  startup_stm32f407xx.o(.text)
    DCMI_IRQHandler                          0x080001b7   Thumb Code     0  startup_stm32f407xx.o(.text)
    DMA1_Stream0_IRQHandler                  0x080001b7   Thumb Code     0  startup_stm32f407xx.o(.text)
    DMA1_Stream1_IRQHandler                  0x080001b7   Thumb Code     0  startup_stm32f407xx.o(.text)
    DMA1_Stream2_IRQHandler                  0x080001b7   Thumb Code     0  startup_stm32f407xx.o(.text)
    DMA1_Stream3_IRQHandler                  0x080001b7   Thumb Code     0  startup_stm32f407xx.o(.text)
    DMA1_Stream4_IRQHandler                  0x080001b7   Thumb Code     0  startup_stm32f407xx.o(.text)
    DMA1_Stream5_IRQHandler                  0x080001b7   Thumb Code     0  startup_stm32f407xx.o(.text)
    DMA1_Stream6_IRQHandler                  0x080001b7   Thumb Code     0  startup_stm32f407xx.o(.text)
    DMA1_Stream7_IRQHandler                  0x080001b7   Thumb Code     0  startup_stm32f407xx.o(.text)
    DMA2_Stream0_IRQHandler                  0x080001b7   Thumb Code     0  startup_stm32f407xx.o(.text)
    DMA2_Stream1_IRQHandler                  0x080001b7   Thumb Code     0  startup_stm32f407xx.o(.text)
    DMA2_Stream2_IRQHandler                  0x080001b7   Thumb Code     0  startup_stm32f407xx.o(.text)
    DMA2_Stream3_IRQHandler                  0x080001b7   Thumb Code     0  startup_stm32f407xx.o(.text)
    DMA2_Stream4_IRQHandler                  0x080001b7   Thumb Code     0  startup_stm32f407xx.o(.text)
    DMA2_Stream5_IRQHandler                  0x080001b7   Thumb Code     0  startup_stm32f407xx.o(.text)
    DMA2_Stream6_IRQHandler                  0x080001b7   Thumb Code     0  startup_stm32f407xx.o(.text)
    DMA2_Stream7_IRQHandler                  0x080001b7   Thumb Code     0  startup_stm32f407xx.o(.text)
    ETH_IRQHandler                           0x080001b7   Thumb Code     0  startup_stm32f407xx.o(.text)
    ETH_WKUP_IRQHandler                      0x080001b7   Thumb Code     0  startup_stm32f407xx.o(.text)
    EXTI0_IRQHandler                         0x080001b7   Thumb Code     0  startup_stm32f407xx.o(.text)
    EXTI15_10_IRQHandler                     0x080001b7   Thumb Code     0  startup_stm32f407xx.o(.text)
    EXTI1_IRQHandler                         0x080001b7   Thumb Code     0  startup_stm32f407xx.o(.text)
    EXTI2_IRQHandler                         0x080001b7   Thumb Code     0  startup_stm32f407xx.o(.text)
    EXTI9_5_IRQHandler                       0x080001b7   Thumb Code     0  startup_stm32f407xx.o(.text)
    FLASH_IRQHandler                         0x080001b7   Thumb Code     0  startup_stm32f407xx.o(.text)
    FMC_IRQHandler                           0x080001b7   Thumb Code     0  startup_stm32f407xx.o(.text)
    FPU_IRQHandler                           0x080001b7   Thumb Code     0  startup_stm32f407xx.o(.text)
    HASH_RNG_IRQHandler                      0x080001b7   Thumb Code     0  startup_stm32f407xx.o(.text)
    I2C1_ER_IRQHandler                       0x080001b7   Thumb Code     0  startup_stm32f407xx.o(.text)
    I2C1_EV_IRQHandler                       0x080001b7   Thumb Code     0  startup_stm32f407xx.o(.text)
    I2C2_ER_IRQHandler                       0x080001b7   Thumb Code     0  startup_stm32f407xx.o(.text)
    I2C2_EV_IRQHandler                       0x080001b7   Thumb Code     0  startup_stm32f407xx.o(.text)
    I2C3_ER_IRQHandler                       0x080001b7   Thumb Code     0  startup_stm32f407xx.o(.text)
    I2C3_EV_IRQHandler                       0x080001b7   Thumb Code     0  startup_stm32f407xx.o(.text)
    OTG_FS_IRQHandler                        0x080001b7   Thumb Code     0  startup_stm32f407xx.o(.text)
    OTG_FS_WKUP_IRQHandler                   0x080001b7   Thumb Code     0  startup_stm32f407xx.o(.text)
    OTG_HS_EP1_IN_IRQHandler                 0x080001b7   Thumb Code     0  startup_stm32f407xx.o(.text)
    OTG_HS_EP1_OUT_IRQHandler                0x080001b7   Thumb Code     0  startup_stm32f407xx.o(.text)
    OTG_HS_IRQHandler                        0x080001b7   Thumb Code     0  startup_stm32f407xx.o(.text)
    OTG_HS_WKUP_IRQHandler                   0x080001b7   Thumb Code     0  startup_stm32f407xx.o(.text)
    PVD_IRQHandler                           0x080001b7   Thumb Code     0  startup_stm32f407xx.o(.text)
    RCC_IRQHandler                           0x080001b7   Thumb Code     0  startup_stm32f407xx.o(.text)
    RTC_Alarm_IRQHandler                     0x080001b7   Thumb Code     0  startup_stm32f407xx.o(.text)
    RTC_WKUP_IRQHandler                      0x080001b7   Thumb Code     0  startup_stm32f407xx.o(.text)
    SDIO_IRQHandler                          0x080001b7   Thumb Code     0  startup_stm32f407xx.o(.text)
    SPI1_IRQHandler                          0x080001b7   Thumb Code     0  startup_stm32f407xx.o(.text)
    SPI2_IRQHandler                          0x080001b7   Thumb Code     0  startup_stm32f407xx.o(.text)
    SPI3_IRQHandler                          0x080001b7   Thumb Code     0  startup_stm32f407xx.o(.text)
    TAMP_STAMP_IRQHandler                    0x080001b7   Thumb Code     0  startup_stm32f407xx.o(.text)
    TIM1_BRK_TIM9_IRQHandler                 0x080001b7   Thumb Code     0  startup_stm32f407xx.o(.text)
    TIM1_CC_IRQHandler                       0x080001b7   Thumb Code     0  startup_stm32f407xx.o(.text)
    TIM1_TRG_COM_TIM11_IRQHandler            0x080001b7   Thumb Code     0  startup_stm32f407xx.o(.text)
    TIM1_UP_TIM10_IRQHandler                 0x080001b7   Thumb Code     0  startup_stm32f407xx.o(.text)
    TIM3_IRQHandler                          0x080001b7   Thumb Code     0  startup_stm32f407xx.o(.text)
    TIM4_IRQHandler                          0x080001b7   Thumb Code     0  startup_stm32f407xx.o(.text)
    TIM5_IRQHandler                          0x080001b7   Thumb Code     0  startup_stm32f407xx.o(.text)
    TIM6_DAC_IRQHandler                      0x080001b7   Thumb Code     0  startup_stm32f407xx.o(.text)
    TIM7_IRQHandler                          0x080001b7   Thumb Code     0  startup_stm32f407xx.o(.text)
    TIM8_BRK_TIM12_IRQHandler                0x080001b7   Thumb Code     0  startup_stm32f407xx.o(.text)
    TIM8_CC_IRQHandler                       0x080001b7   Thumb Code     0  startup_stm32f407xx.o(.text)
    TIM8_TRG_COM_TIM14_IRQHandler            0x080001b7   Thumb Code     0  startup_stm32f407xx.o(.text)
    TIM8_UP_TIM13_IRQHandler                 0x080001b7   Thumb Code     0  startup_stm32f407xx.o(.text)
    UART4_IRQHandler                         0x080001b7   Thumb Code     0  startup_stm32f407xx.o(.text)
    UART5_IRQHandler                         0x080001b7   Thumb Code     0  startup_stm32f407xx.o(.text)
    USART1_IRQHandler                        0x080001b7   Thumb Code     0  startup_stm32f407xx.o(.text)
    USART2_IRQHandler                        0x080001b7   Thumb Code     0  startup_stm32f407xx.o(.text)
    USART3_IRQHandler                        0x080001b7   Thumb Code     0  startup_stm32f407xx.o(.text)
    USART6_IRQHandler                        0x080001b7   Thumb Code     0  startup_stm32f407xx.o(.text)
    WWDG_IRQHandler                          0x080001b7   Thumb Code     0  startup_stm32f407xx.o(.text)
    __aeabi_uldivmod                         0x080001c1   Thumb Code    98  uldiv.o(.text)
    __aeabi_memset                           0x08000223   Thumb Code    14  memseta.o(.text)
    __aeabi_memset4                          0x08000223   Thumb Code     0  memseta.o(.text)
    __aeabi_memset8                          0x08000223   Thumb Code     0  memseta.o(.text)
    __aeabi_memclr                           0x08000231   Thumb Code     4  memseta.o(.text)
    __aeabi_memclr4                          0x08000231   Thumb Code     0  memseta.o(.text)
    __aeabi_memclr8                          0x08000231   Thumb Code     0  memseta.o(.text)
    _memset$wrapper                          0x08000235   Thumb Code    18  memseta.o(.text)
    __aeabi_dadd                             0x08000247   Thumb Code   322  dadd.o(.text)
    __aeabi_dsub                             0x08000389   Thumb Code     6  dadd.o(.text)
    __aeabi_drsub                            0x0800038f   Thumb Code     6  dadd.o(.text)
    __aeabi_dmul                             0x08000395   Thumb Code   228  dmul.o(.text)
    __aeabi_ddiv                             0x08000479   Thumb Code   222  ddiv.o(.text)
    __aeabi_f2d                              0x08000557   Thumb Code    38  f2d.o(.text)
    __aeabi_cdcmpeq                          0x0800057d   Thumb Code     0  cdcmple.o(.text)
    __aeabi_cdcmple                          0x0800057d   Thumb Code    48  cdcmple.o(.text)
    __aeabi_cdrcmple                         0x080005ad   Thumb Code    48  cdrcmple.o(.text)
    __aeabi_d2f                              0x080005dd   Thumb Code    56  d2f.o(.text)
    __aeabi_llsl                             0x08000615   Thumb Code    30  llshl.o(.text)
    _ll_shift_l                              0x08000615   Thumb Code     0  llshl.o(.text)
    __aeabi_llsr                             0x08000633   Thumb Code    32  llushr.o(.text)
    _ll_ushift_r                             0x08000633   Thumb Code     0  llushr.o(.text)
    __aeabi_lasr                             0x08000653   Thumb Code    36  llsshr.o(.text)
    _ll_sshift_r                             0x08000653   Thumb Code     0  llsshr.o(.text)
    __I$use$fp                               0x08000677   Thumb Code     0  iusefp.o(.text)
    _float_round                             0x08000677   Thumb Code    18  fepilogue.o(.text)
    _float_epilogue                          0x08000689   Thumb Code    92  fepilogue.o(.text)
    _double_round                            0x080006e5   Thumb Code    30  depilogue.o(.text)
    _double_epilogue                         0x08000703   Thumb Code   156  depilogue.o(.text)
    _dsqrt                                   0x0800079f   Thumb Code   162  dsqrt.o(.text)
    __scatterload                            0x08000841   Thumb Code    28  init.o(.text)
    __scatterload_rt2                        0x08000841   Thumb Code     0  init.o(.text)
    __aeabi_i2d                              0x08000865   Thumb Code    34  dflti.o(.text)
    __aeabi_ui2d                             0x08000887   Thumb Code    26  dfltui.o(.text)
    __aeabi_d2iz                             0x080008a1   Thumb Code    62  dfixi.o(.text)
    BusFault_Handler                         0x080008df   Thumb Code     2  stm32f4xx_it.o(i.BusFault_Handler)
    CalculateNewPosition                     0x080008e1   Thumb Code   200  main.o(i.CalculateNewPosition)
    ControlMotor                             0x080009b5   Thumb Code   446  main.o(i.ControlMotor)
    DebugMon_Handler                         0x08000b89   Thumb Code     2  stm32f4xx_it.o(i.DebugMon_Handler)
    Defuzzication_L                          0x08000b8b   Thumb Code    20  main.o(i.Defuzzication_L)
    Defuzzication_R                          0x08000ba1   Thumb Code   904  main.o(i.Defuzzication_R)
    EXTI3_IRQHandler                         0x08000f71   Thumb Code    22  stm32f4xx_it.o(i.EXTI3_IRQHandler)
    EXTI4_IRQHandler                         0x08000f91   Thumb Code    22  stm32f4xx_it.o(i.EXTI4_IRQHandler)
    Encoder2Distance                         0x08000fb1   Thumb Code    42  main.o(i.Encoder2Distance)
    EuclidDistance                           0x08000fe5   Thumb Code    48  main.o(i.EuclidDistance)
    GetDerivativeError                       0x08001015   Thumb Code    30  main.o(i.GetDerivativeError)
    GetError                                 0x08001039   Thumb Code    20  main.o(i.GetError)
    GetNewDest                               0x0800104d   Thumb Code   106  main.o(i.GetNewDest)
    GetNewGocLai                             0x080010bd   Thumb Code   594  main.o(i.GetNewGocLai)
    HAL_GPIO_EXTI_Callback                   0x08001315   Thumb Code     2  stm32f4xx_hal_gpio.o(i.HAL_GPIO_EXTI_Callback)
    HAL_GPIO_EXTI_IRQHandler                 0x08001319   Thumb Code    18  stm32f4xx_hal_gpio.o(i.HAL_GPIO_EXTI_IRQHandler)
    HAL_GPIO_Init                            0x08001331   Thumb Code   388  stm32f4xx_hal_gpio.o(i.HAL_GPIO_Init)
    HAL_GPIO_WritePin                        0x080014e1   Thumb Code    10  stm32f4xx_hal_gpio.o(i.HAL_GPIO_WritePin)
    HAL_GetTick                              0x080014ed   Thumb Code     6  stm32f4xx_hal.o(i.HAL_GetTick)
    HAL_IncTick                              0x080014f9   Thumb Code    12  stm32f4xx_hal.o(i.HAL_IncTick)
    HAL_Init                                 0x08001509   Thumb Code    48  stm32f4xx_hal.o(i.HAL_Init)
    HAL_InitTick                             0x0800153d   Thumb Code    54  stm32f4xx_hal.o(i.HAL_InitTick)
    HAL_MspInit                              0x0800157d   Thumb Code    42  stm32f4xx_hal_msp.o(i.HAL_MspInit)
    HAL_NVIC_EnableIRQ                       0x080015ad   Thumb Code    22  stm32f4xx_hal_cortex.o(i.HAL_NVIC_EnableIRQ)
    HAL_NVIC_SetPriority                     0x080015c5   Thumb Code    60  stm32f4xx_hal_cortex.o(i.HAL_NVIC_SetPriority)
    HAL_NVIC_SetPriorityGrouping             0x08001605   Thumb Code    26  stm32f4xx_hal_cortex.o(i.HAL_NVIC_SetPriorityGrouping)
    HAL_RCC_ClockConfig                      0x08001629   Thumb Code   286  stm32f4xx_hal_rcc.o(i.HAL_RCC_ClockConfig)
    HAL_RCC_GetPCLK1Freq                     0x08001759   Thumb Code    20  stm32f4xx_hal_rcc.o(i.HAL_RCC_GetPCLK1Freq)
    HAL_RCC_GetPCLK2Freq                     0x08001779   Thumb Code    20  stm32f4xx_hal_rcc.o(i.HAL_RCC_GetPCLK2Freq)
    HAL_RCC_GetSysClockFreq                  0x08001799   Thumb Code    88  stm32f4xx_hal_rcc.o(i.HAL_RCC_GetSysClockFreq)
    HAL_RCC_OscConfig                        0x080017fd   Thumb Code   770  stm32f4xx_hal_rcc.o(i.HAL_RCC_OscConfig)
    HAL_SYSTICK_Config                       0x08001b19   Thumb Code    40  stm32f4xx_hal_cortex.o(i.HAL_SYSTICK_Config)
    HAL_TIMEx_BreakCallback                  0x08001b41   Thumb Code     2  stm32f4xx_hal_tim_ex.o(i.HAL_TIMEx_BreakCallback)
    HAL_TIMEx_CommutationCallback            0x08001b43   Thumb Code     2  stm32f4xx_hal_tim_ex.o(i.HAL_TIMEx_CommutationCallback)
    HAL_TIMEx_MasterConfigSynchronization    0x08001b45   Thumb Code    80  stm32f4xx_hal_tim_ex.o(i.HAL_TIMEx_MasterConfigSynchronization)
    HAL_TIM_Base_Init                        0x08001b95   Thumb Code    54  stm32f4xx_hal_tim.o(i.HAL_TIM_Base_Init)
    HAL_TIM_Base_MspInit                     0x08001bcd   Thumb Code    72  stm32f4xx_hal_msp.o(i.HAL_TIM_Base_MspInit)
    HAL_TIM_Base_Start_IT                    0x08001c1d   Thumb Code    24  stm32f4xx_hal_tim.o(i.HAL_TIM_Base_Start_IT)
    HAL_TIM_ConfigClockSource                0x08001c35   Thumb Code   242  stm32f4xx_hal_tim.o(i.HAL_TIM_ConfigClockSource)
    HAL_TIM_IC_CaptureCallback               0x08001d27   Thumb Code     2  stm32f4xx_hal_tim.o(i.HAL_TIM_IC_CaptureCallback)
    HAL_TIM_IRQHandler                       0x08001d29   Thumb Code   358  stm32f4xx_hal_tim.o(i.HAL_TIM_IRQHandler)
    HAL_TIM_MspPostInit                      0x08001e91   Thumb Code    70  stm32f4xx_hal_msp.o(i.HAL_TIM_MspPostInit)
    HAL_TIM_OC_DelayElapsedCallback          0x08001ee5   Thumb Code     2  stm32f4xx_hal_tim.o(i.HAL_TIM_OC_DelayElapsedCallback)
    HAL_TIM_PWM_ConfigChannel                0x08001ee7   Thumb Code   208  stm32f4xx_hal_tim.o(i.HAL_TIM_PWM_ConfigChannel)
    HAL_TIM_PWM_Init                         0x08001fb7   Thumb Code    54  stm32f4xx_hal_tim.o(i.HAL_TIM_PWM_Init)
    HAL_TIM_PWM_MspInit                      0x08001fed   Thumb Code     2  stm32f4xx_hal_tim.o(i.HAL_TIM_PWM_MspInit)
    HAL_TIM_PWM_PulseFinishedCallback        0x08001fef   Thumb Code     2  stm32f4xx_hal_tim.o(i.HAL_TIM_PWM_PulseFinishedCallback)
    HAL_TIM_PWM_Start                        0x08001ff1   Thumb Code    48  stm32f4xx_hal_tim.o(i.HAL_TIM_PWM_Start)
    HAL_TIM_PeriodElapsedCallback            0x08002029   Thumb Code   178  main.o(i.HAL_TIM_PeriodElapsedCallback)
    HAL_TIM_TriggerCallback                  0x080020e9   Thumb Code     2  stm32f4xx_hal_tim.o(i.HAL_TIM_TriggerCallback)
    HAL_UART_Init                            0x080020eb   Thumb Code    98  stm32f4xx_hal_uart.o(i.HAL_UART_Init)
    HAL_UART_MspInit                         0x0800214d   Thumb Code    92  stm32f4xx_hal_msp.o(i.HAL_UART_MspInit)
    HAL_UART_Transmit                        0x080021b5   Thumb Code   186  stm32f4xx_hal_uart.o(i.HAL_UART_Transmit)
    HardFault_Handler                        0x0800226f   Thumb Code     2  stm32f4xx_it.o(i.HardFault_Handler)
    MemManage_Handler                        0x080023fd   Thumb Code     2  stm32f4xx_it.o(i.MemManage_Handler)
    NMI_Handler                              0x080023ff   Thumb Code     2  stm32f4xx_it.o(i.NMI_Handler)
    PendSV_Handler                           0x08002421   Thumb Code     2  stm32f4xx_it.o(i.PendSV_Handler)
    SVC_Handler                              0x08002423   Thumb Code     2  stm32f4xx_it.o(i.SVC_Handler)
    SendPos                                  0x08002425   Thumb Code    82  main.o(i.SendPos)
    SetPWM_withDutyCycle_withStop            0x08002481   Thumb Code    46  main.o(i.SetPWM_withDutyCycle_withStop)
    SysTick_Handler                          0x080024b5   Thumb Code     4  stm32f4xx_it.o(i.SysTick_Handler)
    SystemClock_Config                       0x080024b9   Thumb Code   120  main.o(i.SystemClock_Config)
    SystemInit                               0x08002539   Thumb Code    66  system_stm32f4xx.o(i.SystemInit)
    TIM2_IRQHandler                          0x0800258d   Thumb Code     6  stm32f4xx_it.o(i.TIM2_IRQHandler)
    TIM_Base_SetConfig                       0x08002599   Thumb Code   148  stm32f4xx_hal_tim.o(i.TIM_Base_SetConfig)
    TIM_CCxChannelCmd                        0x08002659   Thumb Code    22  stm32f4xx_hal_tim.o(i.TIM_CCxChannelCmd)
    TIM_OC2_SetConfig                        0x080026ed   Thumb Code    90  stm32f4xx_hal_tim.o(i.TIM_OC2_SetConfig)
    UpdateParams                             0x08002b59   Thumb Code    12  main.o(i.UpdateParams)
    UsageFault_Handler                       0x08002b69   Thumb Code     2  stm32f4xx_it.o(i.UsageFault_Handler)
    __ARM_fpclassify                         0x08002b6b   Thumb Code    48  fpclassify.o(i.__ARM_fpclassify)
    __hardfp_atan                            0x08002ba1   Thumb Code   622  atan.o(i.__hardfp_atan)
    __hardfp_cos                             0x08002e79   Thumb Code   180  cos.o(i.__hardfp_cos)
    __hardfp_sin                             0x08002f41   Thumb Code   180  sin.o(i.__hardfp_sin)
    __hardfp_sqrt                            0x08003009   Thumb Code   122  sqrt.o(i.__hardfp_sqrt)
    __ieee754_rem_pio2                       0x08003089   Thumb Code   938  rred.o(i.__ieee754_rem_pio2)
    __kernel_cos                             0x080034c1   Thumb Code   322  cos_i.o(i.__kernel_cos)
    __kernel_poly                            0x08003631   Thumb Code   248  poly.o(i.__kernel_poly)
    __kernel_sin                             0x08003729   Thumb Code   280  sin_i.o(i.__kernel_sin)
    __mathlib_dbl_infnan                     0x08003859   Thumb Code    20  dunder.o(i.__mathlib_dbl_infnan)
    __mathlib_dbl_invalid                    0x08003871   Thumb Code    24  dunder.o(i.__mathlib_dbl_invalid)
    __mathlib_dbl_underflow                  0x08003891   Thumb Code    24  dunder.o(i.__mathlib_dbl_underflow)
    __scatterload_copy                       0x080038b1   Thumb Code    14  handlers.o(i.__scatterload_copy)
    __scatterload_null                       0x080038bf   Thumb Code     2  handlers.o(i.__scatterload_null)
    __scatterload_zeroinit                   0x080038c1   Thumb Code    14  handlers.o(i.__scatterload_zeroinit)
    __set_errno                              0x080038d1   Thumb Code     6  errno.o(i.__set_errno)
    fabs                                     0x080038dd   Thumb Code    24  fabs.o(i.fabs)
    main                                     0x080038f5   Thumb Code   122  main.o(i.main)
    max                                      0x08003981   Thumb Code    60  main.o(i.max)
    mftrap                                   0x080039bd   Thumb Code   214  main.o(i.mftrap)
    AHBPrescTable                            0x08003aa4   Data          16  system_stm32f4xx.o(.constdata)
    APBPrescTable                            0x08003ab4   Data           8  system_stm32f4xx.o(.constdata)
    Region$$Table$$Base                      0x08003c78   Number         0  anon$$obj.o(Region$$Table)
    Region$$Table$$Limit                     0x08003c98   Number         0  anon$$obj.o(Region$$Table)
    tim2Indicator                            0x20000000   Data           1  main.o(.data)
    reach1                                   0x20000001   Data           1  main.o(.data)
    reach2                                   0x20000002   Data           1  main.o(.data)
    reach3                                   0x20000003   Data           1  main.o(.data)
    TIM_Period                               0x20000004   Data           2  main.o(.data)
    Pulse_LeftMotor                          0x20000008   Data           4  main.o(.data)
    Pulse_RightMotor                         0x2000000c   Data           4  main.o(.data)
    Speed_LeftMotor                          0x20000010   Data           4  main.o(.data)
    Speed_RightMotor                         0x20000014   Data           4  main.o(.data)
    Ke                                       0x20000018   Data           4  main.o(.data)
    Kde                                      0x2000001c   Data           4  main.o(.data)
    Kout                                     0x20000020   Data           4  main.o(.data)
    CurrentX                                 0x20000024   Data           4  main.o(.data)
    CurrentY                                 0x20000028   Data           4  main.o(.data)
    CurrentPhi                               0x2000002c   Data           4  main.o(.data)
    PrevPhi                                  0x20000030   Data           4  main.o(.data)
    DestX                                    0x20000034   Data           4  main.o(.data)
    DestY                                    0x20000038   Data           4  main.o(.data)
    PrevError                                0x2000003c   Data           4  main.o(.data)
    CurrErr                                  0x20000040   Data           4  main.o(.data)
    dt                                       0x20000044   Data           4  main.o(.data)
    KhoangCach2Banh                          0x20000048   Data           4  main.o(.data)
    distance                                 0x2000004c   Data           4  main.o(.data)
    EuclidThresh                             0x20000050   Data           4  main.o(.data)
    DestX1                                   0x20000054   Data           4  main.o(.data)
    DestY1                                   0x20000058   Data           4  main.o(.data)
    DestX2                                   0x2000005c   Data           4  main.o(.data)
    DestY2                                   0x20000060   Data           4  main.o(.data)
    DestX3                                   0x20000064   Data           4  main.o(.data)
    DestY3                                   0x20000068   Data           4  main.o(.data)
    SendX                                    0x2000006c   Data           4  main.o(.data)
    SendY                                    0x20000070   Data           4  main.o(.data)
    NotReset_PulseLeft                       0x20000074   Data           4  main.o(.data)
    NotReset_PulseRight                      0x20000078   Data           4  main.o(.data)
    uwTickFreq                               0x2000007c   Data           1  stm32f4xx_hal.o(.data)
    uwTickPrio                               0x20000080   Data           4  stm32f4xx_hal.o(.data)
    uwTick                                   0x20000084   Data           4  stm32f4xx_hal.o(.data)
    SystemCoreClock                          0x20000088   Data           4  system_stm32f4xx.o(.data)
    htim2                                    0x20000090   Data          60  main.o(.bss)
    htim4                                    0x200000cc   Data          60  main.o(.bss)
    huart2                                   0x20000108   Data          64  main.o(.bss)
    Tx                                       0x20000148   Data          10  main.o(.bss)
    __initial_sp                             0x20000558   Data           0  startup_stm32f407xx.o(STACK)



==============================================================================

Memory Map of the image

  Image Entry point : 0x08000189

  Load Region LR_IROM1 (Base: 0x08000000, Size: 0x00003d28, Max: 0x00100000, ABSOLUTE)

    Execution Region ER_IROM1 (Exec base: 0x08000000, Load base: 0x08000000, Size: 0x00003c98, Max: 0x00100000, ABSOLUTE)

    Exec Addr    Load Addr    Size         Type   Attr      Idx    E Section Name        Object

    0x08000000   0x08000000   0x00000188   Data   RO            3    RESET               startup_stm32f407xx.o
    0x08000188   0x08000188   0x00000000   Code   RO         2741  * .ARM.Collect$$$$00000000  mc_w.l(entry.o)
    0x08000188   0x08000188   0x00000004   Code   RO         2802    .ARM.Collect$$$$00000001  mc_w.l(entry2.o)
    0x0800018c   0x0800018c   0x00000004   Code   RO         2805    .ARM.Collect$$$$00000004  mc_w.l(entry5.o)
    0x08000190   0x08000190   0x00000000   Code   RO         2807    .ARM.Collect$$$$00000008  mc_w.l(entry7b.o)
    0x08000190   0x08000190   0x00000000   Code   RO         2809    .ARM.Collect$$$$0000000A  mc_w.l(entry8b.o)
    0x08000190   0x08000190   0x00000008   Code   RO         2810    .ARM.Collect$$$$0000000B  mc_w.l(entry9a.o)
    0x08000198   0x08000198   0x00000000   Code   RO         2812    .ARM.Collect$$$$0000000D  mc_w.l(entry10a.o)
    0x08000198   0x08000198   0x00000000   Code   RO         2814    .ARM.Collect$$$$0000000F  mc_w.l(entry11a.o)
    0x08000198   0x08000198   0x00000004   Code   RO         2803    .ARM.Collect$$$$00002712  mc_w.l(entry2.o)
    0x0800019c   0x0800019c   0x00000024   Code   RO            4    .text               startup_stm32f407xx.o
    0x080001c0   0x080001c0   0x00000062   Code   RO         2744    .text               mc_w.l(uldiv.o)
    0x08000222   0x08000222   0x00000024   Code   RO         2746    .text               mc_w.l(memseta.o)
    0x08000246   0x08000246   0x0000014e   Code   RO         2748    .text               mf_w.l(dadd.o)
    0x08000394   0x08000394   0x000000e4   Code   RO         2750    .text               mf_w.l(dmul.o)
    0x08000478   0x08000478   0x000000de   Code   RO         2752    .text               mf_w.l(ddiv.o)
    0x08000556   0x08000556   0x00000026   Code   RO         2756    .text               mf_w.l(f2d.o)
    0x0800057c   0x0800057c   0x00000030   Code   RO         2758    .text               mf_w.l(cdcmple.o)
    0x080005ac   0x080005ac   0x00000030   Code   RO         2760    .text               mf_w.l(cdrcmple.o)
    0x080005dc   0x080005dc   0x00000038   Code   RO         2762    .text               mf_w.l(d2f.o)
    0x08000614   0x08000614   0x0000001e   Code   RO         2816    .text               mc_w.l(llshl.o)
    0x08000632   0x08000632   0x00000020   Code   RO         2818    .text               mc_w.l(llushr.o)
    0x08000652   0x08000652   0x00000024   Code   RO         2820    .text               mc_w.l(llsshr.o)
    0x08000676   0x08000676   0x00000000   Code   RO         2829    .text               mc_w.l(iusefp.o)
    0x08000676   0x08000676   0x0000006e   Code   RO         2830    .text               mf_w.l(fepilogue.o)
    0x080006e4   0x080006e4   0x000000ba   Code   RO         2832    .text               mf_w.l(depilogue.o)
    0x0800079e   0x0800079e   0x000000a2   Code   RO         2834    .text               mf_w.l(dsqrt.o)
    0x08000840   0x08000840   0x00000024   Code   RO         2836    .text               mc_w.l(init.o)
    0x08000864   0x08000864   0x00000022   Code   RO         2838    .text               mf_w.l(dflti.o)
    0x08000886   0x08000886   0x0000001a   Code   RO         2840    .text               mf_w.l(dfltui.o)
    0x080008a0   0x080008a0   0x0000003e   Code   RO         2842    .text               mf_w.l(dfixi.o)
    0x080008de   0x080008de   0x00000002   Code   RO          267    i.BusFault_Handler  stm32f4xx_it.o
    0x080008e0   0x080008e0   0x000000d4   Code   RO           13    i.CalculateNewPosition  main.o
    0x080009b4   0x080009b4   0x000001d4   Code   RO           14    i.ControlMotor      main.o
    0x08000b88   0x08000b88   0x00000002   Code   RO          268    i.DebugMon_Handler  stm32f4xx_it.o
    0x08000b8a   0x08000b8a   0x00000014   Code   RO           15    i.Defuzzication_L   main.o
    0x08000b9e   0x08000b9e   0x00000002   PAD
    0x08000ba0   0x08000ba0   0x000003d0   Code   RO           16    i.Defuzzication_R   main.o
    0x08000f70   0x08000f70   0x00000020   Code   RO          269    i.EXTI3_IRQHandler  stm32f4xx_it.o
    0x08000f90   0x08000f90   0x00000020   Code   RO          270    i.EXTI4_IRQHandler  stm32f4xx_it.o
    0x08000fb0   0x08000fb0   0x00000034   Code   RO           17    i.Encoder2Distance  main.o
    0x08000fe4   0x08000fe4   0x00000030   Code   RO           19    i.EuclidDistance    main.o
    0x08001014   0x08001014   0x00000024   Code   RO           20    i.GetDerivativeError  main.o
    0x08001038   0x08001038   0x00000014   Code   RO           21    i.GetError          main.o
    0x0800104c   0x0800104c   0x00000070   Code   RO           22    i.GetNewDest        main.o
    0x080010bc   0x080010bc   0x00000258   Code   RO           23    i.GetNewGocLai      main.o
    0x08001314   0x08001314   0x00000002   Code   RO         1964    i.HAL_GPIO_EXTI_Callback  stm32f4xx_hal_gpio.o
    0x08001316   0x08001316   0x00000002   PAD
    0x08001318   0x08001318   0x00000018   Code   RO         1965    i.HAL_GPIO_EXTI_IRQHandler  stm32f4xx_hal_gpio.o
    0x08001330   0x08001330   0x000001b0   Code   RO         1966    i.HAL_GPIO_Init     stm32f4xx_hal_gpio.o
    0x080014e0   0x080014e0   0x0000000a   Code   RO         1970    i.HAL_GPIO_WritePin  stm32f4xx_hal_gpio.o
    0x080014ea   0x080014ea   0x00000002   PAD
    0x080014ec   0x080014ec   0x0000000c   Code   RO         2498    i.HAL_GetTick       stm32f4xx_hal.o
    0x080014f8   0x080014f8   0x00000010   Code   RO         2502    i.HAL_IncTick       stm32f4xx_hal.o
    0x08001508   0x08001508   0x00000034   Code   RO         2503    i.HAL_Init          stm32f4xx_hal.o
    0x0800153c   0x0800153c   0x00000040   Code   RO         2504    i.HAL_InitTick      stm32f4xx_hal.o
    0x0800157c   0x0800157c   0x00000030   Code   RO          361    i.HAL_MspInit       stm32f4xx_hal_msp.o
    0x080015ac   0x080015ac   0x00000016   Code   RO         2355    i.HAL_NVIC_EnableIRQ  stm32f4xx_hal_cortex.o
    0x080015c2   0x080015c2   0x00000002   PAD
    0x080015c4   0x080015c4   0x00000040   Code   RO         2361    i.HAL_NVIC_SetPriority  stm32f4xx_hal_cortex.o
    0x08001604   0x08001604   0x00000024   Code   RO         2362    i.HAL_NVIC_SetPriorityGrouping  stm32f4xx_hal_cortex.o
    0x08001628   0x08001628   0x00000130   Code   RO         1612    i.HAL_RCC_ClockConfig  stm32f4xx_hal_rcc.o
    0x08001758   0x08001758   0x00000020   Code   RO         1619    i.HAL_RCC_GetPCLK1Freq  stm32f4xx_hal_rcc.o
    0x08001778   0x08001778   0x00000020   Code   RO         1620    i.HAL_RCC_GetPCLK2Freq  stm32f4xx_hal_rcc.o
    0x08001798   0x08001798   0x00000064   Code   RO         1621    i.HAL_RCC_GetSysClockFreq  stm32f4xx_hal_rcc.o
    0x080017fc   0x080017fc   0x0000031c   Code   RO         1624    i.HAL_RCC_OscConfig  stm32f4xx_hal_rcc.o
    0x08001b18   0x08001b18   0x00000028   Code   RO         2366    i.HAL_SYSTICK_Config  stm32f4xx_hal_cortex.o
    0x08001b40   0x08001b40   0x00000002   Code   RO         1046    i.HAL_TIMEx_BreakCallback  stm32f4xx_hal_tim_ex.o
    0x08001b42   0x08001b42   0x00000002   Code   RO         1047    i.HAL_TIMEx_CommutationCallback  stm32f4xx_hal_tim_ex.o
    0x08001b44   0x08001b44   0x00000050   Code   RO         1063    i.HAL_TIMEx_MasterConfigSynchronization  stm32f4xx_hal_tim_ex.o
    0x08001b94   0x08001b94   0x00000036   Code   RO          417    i.HAL_TIM_Base_Init  stm32f4xx_hal_tim.o
    0x08001bca   0x08001bca   0x00000002   PAD
    0x08001bcc   0x08001bcc   0x00000050   Code   RO          363    i.HAL_TIM_Base_MspInit  stm32f4xx_hal_msp.o
    0x08001c1c   0x08001c1c   0x00000018   Code   RO          422    i.HAL_TIM_Base_Start_IT  stm32f4xx_hal_tim.o
    0x08001c34   0x08001c34   0x000000f2   Code   RO          426    i.HAL_TIM_ConfigClockSource  stm32f4xx_hal_tim.o
    0x08001d26   0x08001d26   0x00000002   Code   RO          446    i.HAL_TIM_IC_CaptureCallback  stm32f4xx_hal_tim.o
    0x08001d28   0x08001d28   0x00000166   Code   RO          459    i.HAL_TIM_IRQHandler  stm32f4xx_hal_tim.o
    0x08001e8e   0x08001e8e   0x00000002   PAD
    0x08001e90   0x08001e90   0x00000054   Code   RO          364    i.HAL_TIM_MspPostInit  stm32f4xx_hal_msp.o
    0x08001ee4   0x08001ee4   0x00000002   Code   RO          462    i.HAL_TIM_OC_DelayElapsedCallback  stm32f4xx_hal_tim.o
    0x08001ee6   0x08001ee6   0x000000d0   Code   RO          483    i.HAL_TIM_PWM_ConfigChannel  stm32f4xx_hal_tim.o
    0x08001fb6   0x08001fb6   0x00000036   Code   RO          486    i.HAL_TIM_PWM_Init  stm32f4xx_hal_tim.o
    0x08001fec   0x08001fec   0x00000002   Code   RO          488    i.HAL_TIM_PWM_MspInit  stm32f4xx_hal_tim.o
    0x08001fee   0x08001fee   0x00000002   Code   RO          489    i.HAL_TIM_PWM_PulseFinishedCallback  stm32f4xx_hal_tim.o
    0x08001ff0   0x08001ff0   0x00000038   Code   RO          490    i.HAL_TIM_PWM_Start  stm32f4xx_hal_tim.o
    0x08002028   0x08002028   0x000000c0   Code   RO           24    i.HAL_TIM_PeriodElapsedCallback  main.o
    0x080020e8   0x080020e8   0x00000002   Code   RO          500    i.HAL_TIM_TriggerCallback  stm32f4xx_hal_tim.o
    0x080020ea   0x080020ea   0x00000062   Code   RO         1310    i.HAL_UART_Init     stm32f4xx_hal_uart.o
    0x0800214c   0x0800214c   0x00000068   Code   RO          366    i.HAL_UART_MspInit  stm32f4xx_hal_msp.o
    0x080021b4   0x080021b4   0x000000ba   Code   RO         1318    i.HAL_UART_Transmit  stm32f4xx_hal_uart.o
    0x0800226e   0x0800226e   0x00000002   Code   RO          271    i.HardFault_Handler  stm32f4xx_it.o
    0x08002270   0x08002270   0x000000b8   Code   RO           25    i.MX_GPIO_Init      main.o
    0x08002328   0x08002328   0x00000050   Code   RO           26    i.MX_TIM2_Init      main.o
    0x08002378   0x08002378   0x00000084   Code   RO           27    i.MX_TIM4_Init      main.o
    0x080023fc   0x080023fc   0x00000002   Code   RO          272    i.MemManage_Handler  stm32f4xx_it.o
    0x080023fe   0x080023fe   0x00000002   Code   RO          273    i.NMI_Handler       stm32f4xx_it.o
    0x08002400   0x08002400   0x00000020   Code   RO         2368    i.NVIC_SetPriority  stm32f4xx_hal_cortex.o
    0x08002420   0x08002420   0x00000002   Code   RO          274    i.PendSV_Handler    stm32f4xx_it.o
    0x08002422   0x08002422   0x00000002   Code   RO          275    i.SVC_Handler       stm32f4xx_it.o
    0x08002424   0x08002424   0x0000005c   Code   RO           28    i.SendPos           main.o
    0x08002480   0x08002480   0x00000034   Code   RO           30    i.SetPWM_withDutyCycle_withStop  main.o
    0x080024b4   0x080024b4   0x00000004   Code   RO          276    i.SysTick_Handler   stm32f4xx_it.o
    0x080024b8   0x080024b8   0x00000080   Code   RO           31    i.SystemClock_Config  main.o
    0x08002538   0x08002538   0x00000054   Code   RO         2657    i.SystemInit        system_stm32f4xx.o
    0x0800258c   0x0800258c   0x0000000c   Code   RO          277    i.TIM2_IRQHandler   stm32f4xx_it.o
    0x08002598   0x08002598   0x000000c0   Code   RO          501    i.TIM_Base_SetConfig  stm32f4xx_hal_tim.o
    0x08002658   0x08002658   0x00000016   Code   RO          502    i.TIM_CCxChannelCmd  stm32f4xx_hal_tim.o
    0x0800266e   0x0800266e   0x00000014   Code   RO          508    i.TIM_ETR_SetConfig  stm32f4xx_hal_tim.o
    0x08002682   0x08002682   0x00000010   Code   RO          509    i.TIM_ITRx_SetConfig  stm32f4xx_hal_tim.o
    0x08002692   0x08002692   0x00000002   PAD
    0x08002694   0x08002694   0x00000058   Code   RO          510    i.TIM_OC1_SetConfig  stm32f4xx_hal_tim.o
    0x080026ec   0x080026ec   0x00000064   Code   RO          511    i.TIM_OC2_SetConfig  stm32f4xx_hal_tim.o
    0x08002750   0x08002750   0x00000060   Code   RO          512    i.TIM_OC3_SetConfig  stm32f4xx_hal_tim.o
    0x080027b0   0x080027b0   0x00000050   Code   RO          513    i.TIM_OC4_SetConfig  stm32f4xx_hal_tim.o
    0x08002800   0x08002800   0x00000022   Code   RO          515    i.TIM_TI1_ConfigInputStage  stm32f4xx_hal_tim.o
    0x08002822   0x08002822   0x00000024   Code   RO          517    i.TIM_TI2_ConfigInputStage  stm32f4xx_hal_tim.o
    0x08002846   0x08002846   0x00000002   PAD
    0x08002848   0x08002848   0x000002ac   Code   RO         1336    i.UART_SetConfig    stm32f4xx_hal_uart.o
    0x08002af4   0x08002af4   0x00000064   Code   RO         1338    i.UART_WaitOnFlagUntilTimeout  stm32f4xx_hal_uart.o
    0x08002b58   0x08002b58   0x00000010   Code   RO           32    i.UpdateParams      main.o
    0x08002b68   0x08002b68   0x00000002   Code   RO          278    i.UsageFault_Handler  stm32f4xx_it.o
    0x08002b6a   0x08002b6a   0x00000030   Code   RO         2787    i.__ARM_fpclassify  m_wm.l(fpclassify.o)
    0x08002b9a   0x08002b9a   0x00000006   PAD
    0x08002ba0   0x08002ba0   0x000002d8   Code   RO         2691    i.__hardfp_atan     m_wm.l(atan.o)
    0x08002e78   0x08002e78   0x000000c8   Code   RO         2705    i.__hardfp_cos      m_wm.l(cos.o)
    0x08002f40   0x08002f40   0x000000c8   Code   RO         2717    i.__hardfp_sin      m_wm.l(sin.o)
    0x08003008   0x08003008   0x0000007a   Code   RO         2729    i.__hardfp_sqrt     m_wm.l(sqrt.o)
    0x08003082   0x08003082   0x00000006   PAD
    0x08003088   0x08003088   0x00000438   Code   RO         2791    i.__ieee754_rem_pio2  m_wm.l(rred.o)
    0x080034c0   0x080034c0   0x00000170   Code   RO         2764    i.__kernel_cos      m_wm.l(cos_i.o)
    0x08003630   0x08003630   0x000000f8   Code   RO         2789    i.__kernel_poly     m_wm.l(poly.o)
    0x08003728   0x08003728   0x00000130   Code   RO         2796    i.__kernel_sin      m_wm.l(sin_i.o)
    0x08003858   0x08003858   0x00000014   Code   RO         2768    i.__mathlib_dbl_infnan  m_wm.l(dunder.o)
    0x0800386c   0x0800386c   0x00000004   PAD
    0x08003870   0x08003870   0x00000020   Code   RO         2770    i.__mathlib_dbl_invalid  m_wm.l(dunder.o)
    0x08003890   0x08003890   0x00000020   Code   RO         2773    i.__mathlib_dbl_underflow  m_wm.l(dunder.o)
    0x080038b0   0x080038b0   0x0000000e   Code   RO         2846    i.__scatterload_copy  mc_w.l(handlers.o)
    0x080038be   0x080038be   0x00000002   Code   RO         2847    i.__scatterload_null  mc_w.l(handlers.o)
    0x080038c0   0x080038c0   0x0000000e   Code   RO         2848    i.__scatterload_zeroinit  mc_w.l(handlers.o)
    0x080038ce   0x080038ce   0x00000002   PAD
    0x080038d0   0x080038d0   0x0000000c   Code   RO         2824    i.__set_errno       mc_w.l(errno.o)
    0x080038dc   0x080038dc   0x00000018   Code   RO         2783    i.fabs              m_wm.l(fabs.o)
    0x080038f4   0x080038f4   0x0000008c   Code   RO           33    i.main              main.o
    0x08003980   0x08003980   0x0000003c   Code   RO           34    i.max               main.o
    0x080039bc   0x080039bc   0x000000e8   Code   RO           35    i.mftrap            main.o
    0x08003aa4   0x08003aa4   0x00000010   Data   RO         2658    .constdata          system_stm32f4xx.o
    0x08003ab4   0x08003ab4   0x00000008   Data   RO         2659    .constdata          system_stm32f4xx.o
    0x08003abc   0x08003abc   0x00000004   PAD
    0x08003ac0   0x08003ac0   0x00000098   Data   RO         2694    .constdata          m_wm.l(atan.o)
    0x08003b58   0x08003b58   0x00000030   Data   RO         2765    .constdata          m_wm.l(cos_i.o)
    0x08003b88   0x08003b88   0x000000c8   Data   RO         2793    .constdata          m_wm.l(rred.o)
    0x08003c50   0x08003c50   0x00000028   Data   RO         2797    .constdata          m_wm.l(sin_i.o)
    0x08003c78   0x08003c78   0x00000020   Data   RO         2844    Region$$Table       anon$$obj.o


    Execution Region RW_IRAM1 (Exec base: 0x20000000, Load base: 0x08003c98, Size: 0x00000558, Max: 0x00020000, ABSOLUTE)

    Exec Addr    Load Addr    Size         Type   Attr      Idx    E Section Name        Object

    0x20000000   0x08003c98   0x00000074   Data   RW           37    .data               main.o
    0x20000074   0x08003d0c   0x00000004   Data   RW           38    .data               main.o
    0x20000078   0x08003d10   0x00000004   Data   RW           39    .data               main.o
    0x2000007c   0x08003d14   0x0000000c   Data   RW         2510    .data               stm32f4xx_hal.o
    0x20000088   0x08003d20   0x00000004   Data   RW         2660    .data               system_stm32f4xx.o
    0x2000008c   0x08003d24   0x00000004   Data   RW         2825    .data               mc_w.l(errno.o)
    0x20000090        -       0x000000c2   Zero   RW           36    .bss                main.o
    0x20000152   0x08003d28   0x00000006   PAD
    0x20000158        -       0x00000400   Zero   RW            1    STACK               startup_stm32f407xx.o


==============================================================================

Image component sizes


      Code (inc. data)   RO Data    RW Data    ZI Data      Debug   Object Name

      3852        242          0        124        194     695307   main.o
        36          8        392          0       1024        836   startup_stm32f407xx.o
       144         24          0         12          0       3949   stm32f4xx_hal.o
       194         14          0          0          0      30407   stm32f4xx_hal_cortex.o
       468         50          0          0          0       3604   stm32f4xx_hal_gpio.o
       316         40          0          0          0       2906   stm32f4xx_hal_msp.o
      1264         80          0          0          0       5148   stm32f4xx_hal_rcc.o
      1690         88          0          0          0      16312   stm32f4xx_hal_tim.o
        84          0          0          0          0       2414   stm32f4xx_hal_tim_ex.o
      1068          8          0          0          0       4136   stm32f4xx_hal_uart.o
        96         26          0          0          0       5502   stm32f4xx_it.o
        84         18         24          4          0       1159   system_stm32f4xx.o

    ----------------------------------------------------------------------
      9312        598        452        140       1224     771680   Object Totals
         0          0         32          0          0          0   (incl. Generated)
        16          0          4          0          6          0   (incl. Padding)

    ----------------------------------------------------------------------

      Code (inc. data)   RO Data    RW Data    ZI Data      Debug   Library Member Name

       728        106        152          0          0        228   atan.o
       200         20          0          0          0        164   cos.o
       368         46         48          0          0        200   cos_i.o
        84         16          0          0          0        372   dunder.o
        24          0          0          0          0        124   fabs.o
        48          0          0          0          0        124   fpclassify.o
       248          0          0          0          0        152   poly.o
      1080        142        200          0          0        188   rred.o
       200         20          0          0          0        164   sin.o
       304         24         40          0          0        208   sin_i.o
       122          0          0          0          0        148   sqrt.o
         0          0          0          0          0          0   entry.o
         0          0          0          0          0          0   entry10a.o
         0          0          0          0          0          0   entry11a.o
         8          4          0          0          0          0   entry2.o
         4          0          0          0          0          0   entry5.o
         0          0          0          0          0          0   entry7b.o
         0          0          0          0          0          0   entry8b.o
         8          4          0          0          0          0   entry9a.o
        12          6          0          4          0         68   errno.o
        30          0          0          0          0          0   handlers.o
        36          8          0          0          0         68   init.o
         0          0          0          0          0          0   iusefp.o
        30          0          0          0          0         68   llshl.o
        36          0          0          0          0         68   llsshr.o
        32          0          0          0          0         68   llushr.o
        36          0          0          0          0        108   memseta.o
        98          0          0          0          0         92   uldiv.o
        48          0          0          0          0         68   cdcmple.o
        48          0          0          0          0         68   cdrcmple.o
        56          0          0          0          0         88   d2f.o
       334          0          0          0          0        148   dadd.o
       222          0          0          0          0        100   ddiv.o
       186          0          0          0          0        176   depilogue.o
        62          0          0          0          0         80   dfixi.o
        34          0          0          0          0         76   dflti.o
        26          0          0          0          0         76   dfltui.o
       228          0          0          0          0         96   dmul.o
       162          0          0          0          0        100   dsqrt.o
        38          0          0          0          0         68   f2d.o
       110          0          0          0          0        168   fepilogue.o

    ----------------------------------------------------------------------
      5308        396        440          4          0       3924   Library Totals
        18          0          0          0          0          0   (incl. Padding)

    ----------------------------------------------------------------------

      Code (inc. data)   RO Data    RW Data    ZI Data      Debug   Library Name

      3406        374        440          0          0       2072   m_wm.l
       330         22          0          4          0        540   mc_w.l
      1554          0          0          0          0       1312   mf_w.l

    ----------------------------------------------------------------------
      5308        396        440          4          0       3924   Library Totals

    ----------------------------------------------------------------------

==============================================================================


      Code (inc. data)   RO Data    RW Data    ZI Data      Debug   

     14620        994        892        144       1224     765924   Grand Totals
     14620        994        892        144       1224     765924   ELF Image Totals
     14620        994        892        144          0          0   ROM Totals

==============================================================================

    Total RO  Size (Code + RO Data)                15512 (  15.15kB)
    Total RW  Size (RW Data + ZI Data)              1368 (   1.34kB)
    Total ROM Size (Code + RO Data + RW Data)      15656 (  15.29kB)

==============================================================================

